[2025-07-31 17:33:41.377] [WARNING] Binary socket service not available or not connected for open symbol command
[2025-07-31 17:33:41.377] [WARNING] Binary socket service not available or not connected for open symbol command
[2025-07-31 17:37:42.078] [WARNING] Binary socket service not available or not connected for open symbol command
[2025-07-31 17:37:42.079] [WARNING] Binary socket service not available or not connected for open symbol command
[2025-07-31 17:38:34.831] [INFO] Processing trading stroke directly: Point1=(823, 747), Point2=(947, 715)
[2025-07-31 17:38:34.854] [INFO] CaptureData saved to database: ID=20250731173834831
[2025-07-31 17:38:34.854] [INFO] Closing CanvasWindow for trading mode
[2025-07-31 17:38:34.990] [INFO] Окно успешно активировано. Handle: 197446
[2025-07-31 17:38:35.193] [INFO] Adding trendline to GForex with direct mouse actions
[2025-07-31 17:38:35.194] [INFO] Sent ESC key to hwnd=0x30346
[2025-07-31 17:38:35.364] [INFO] Клавиша 'A' успешно отправлена в окно 197446
[2025-07-31 17:38:35.567] [INFO] Window found on monitor 1: LeftBoundary=1920, Bounds=(1920, 0, 1920, 1080)
[2025-07-31 17:38:35.568] [INFO] ConvertScreenToWindowCoordinates: screenPoint=(823, 747), monitorLeftBoundary=1920, result=(2743, 747)
[2025-07-31 17:38:35.568] [INFO] Window found on monitor 1: LeftBoundary=1920, Bounds=(1920, 0, 1920, 1080)
[2025-07-31 17:38:35.569] [INFO] ConvertScreenToWindowCoordinates: screenPoint=(947, 715), monitorLeftBoundary=1920, result=(2867, 715)
[2025-07-31 17:38:35.569] [INFO] Converted coordinates: Point1=(2743, 747), Point2=(2867, 715)
[2025-07-31 17:38:35.569] [INFO] === MOUSE CLICK START ===
[2025-07-31 17:38:35.570] [INFO] Click coordinates: (2743, 747)
[2025-07-31 17:38:35.570] [INFO] Window handle: 197446
[2025-07-31 17:38:35.571] [INFO] Window rect: Left=1920, Top=0, Right=3840, Bottom=1039
[2025-07-31 17:38:35.571] [INFO] Calculated screen coordinates: (4663, 747)
[2025-07-31 17:38:35.694] [INFO] Клик успешно выполнен в позиции (2743, 747) -> screen (4663, 747)
[2025-07-31 17:38:35.694] [INFO] === MOUSE CLICK END ===
[2025-07-31 17:38:35.805] [INFO] === MOUSE CLICK START ===
[2025-07-31 17:38:35.805] [INFO] Click coordinates: (2867, 715)
[2025-07-31 17:38:35.805] [INFO] Window handle: 197446
[2025-07-31 17:38:35.806] [INFO] Window rect: Left=1920, Top=0, Right=3840, Bottom=1039
[2025-07-31 17:38:35.806] [INFO] Calculated screen coordinates: (4787, 715)
[2025-07-31 17:38:35.931] [INFO] Клик успешно выполнен в позиции (2867, 715) -> screen (4787, 715)
[2025-07-31 17:38:35.931] [INFO] === MOUSE CLICK END ===
[2025-07-31 17:38:35.931] [INFO] Sent ESC key to hwnd=0x30346
[2025-07-31 17:38:35.932] [INFO] Trendline successfully added to GForex with direct mouse actions
[2025-07-31 17:38:35.932] [INFO] Trading stroke processing completed
[2025-07-31 17:38:35.932] [INFO] Trendline drawn successfully - triggering space hotkey callback
[2025-07-31 17:38:42.878] [INFO] Processing trading stroke directly: Point1=(1279, 684), Point2=(1461, 641)
[2025-07-31 17:38:42.891] [INFO] CaptureData saved to database: ID=20250731173842878
[2025-07-31 17:38:42.891] [INFO] Closing CanvasWindow for trading mode
[2025-07-31 17:38:43.012] [INFO] Окно успешно активировано. Handle: 262950
[2025-07-31 17:38:43.227] [INFO] Binary broker detected - no specific action defined
[2025-07-31 17:38:43.228] [INFO] Trading stroke processing completed
[2025-07-31 17:38:45.726] [WARNING] Binary socket service not available or not connected for open symbol command
[2025-07-31 17:38:45.727] [WARNING] Binary socket service not available or not connected for open symbol command
[2025-07-31 17:38:53.982] [WARNING] Binary socket service not available or not connected for open symbol command
[2025-07-31 17:38:53.983] [WARNING] Binary socket service not available or not connected for open symbol command
