[2025-08-04 14:10:15.233] [INFO] Sending new order command: sell XAUUSD Entry:3342,34743 SL:3346,54844 Risk:1
[2025-08-04 14:10:15.277] [WARNING] Failed to send new order command
[2025-08-04 14:10:32.302] [INFO] Sending new order command: buy XAUUSD Entry:3337,20589 SL:3334,94863 Risk:1
[2025-08-04 14:10:32.304] [WARNING] Failed to send new order command
[2025-08-04 14:10:36.117] [INFO] Sending new order command: sell XAUUSD Entry:3348,42949 SL:3351,18837 Risk:1
[2025-08-04 14:10:36.120] [WARNING] Failed to send new order command
[2025-08-04 14:12:16.024] [INFO] Sending new order command: buy XAUUSD Entry:3342,53553 SL:3340,15287 Risk:1
[2025-08-04 14:12:16.027] [WARNING] Failed to send new order command
[2025-08-04 14:14:05.814] [INFO] Sending new order command: buy XAUUSD Entry:3340,62559 SL:3338,21779 Risk:1
[2025-08-04 14:14:05.866] [WARNING] Failed to send new order command
[2025-08-04 14:15:52.022] [INFO] Sending new order command: sell XAUUSD Entry:3344,54199 SL:3347,42627 Risk:1
[2025-08-04 14:15:52.024] [INFO] New order command sent successfully
[2025-08-04 14:16:53.380] [INFO] Sending new order command: buy XAUUSD Entry:3343,03340 SL:3340,85491 Risk:1
[2025-08-04 14:16:53.381] [INFO] New order command sent successfully
[2025-08-04 14:17:27.481] [INFO] Sending new order command: buy XAUUSD Entry:3346,75977 SL:3344,12264 Risk:1
[2025-08-04 14:17:27.482] [INFO] New order command sent successfully
[2025-08-04 14:17:40.762] [INFO] Sending new order command: buy XAUUSD Entry:3357,59489 SL:3353,86853 Risk:1
[2025-08-04 14:17:40.763] [INFO] New order command sent successfully
[2025-08-04 14:23:27.621] [INFO] Sending new order command: sell XAUUSD Entry:3353,64576 SL:3355,88316 Risk:1
[2025-08-04 14:23:27.626] [INFO] New order command sent successfully
[2025-08-04 14:23:53.593] [INFO] Sending new order command: buy XAUUSD Entry:3352,18659 SL:3348,68458 Risk:1
[2025-08-04 14:23:53.594] [INFO] New order command sent successfully
[2025-08-04 14:28:42.424] [INFO] Converting prices - Entry: 3351,89123 -> 3351,89123, StopLoss: 3354,57272 -> 3354,57272
[2025-08-04 14:28:42.424] [INFO] Sending new order command: sell XAUUSD Entry:3351,89123 SL:3354,57272 Risk:1
[2025-08-04 14:28:42.427] [INFO] New order command sent successfully
[2025-08-04 14:29:27.068] [INFO] Converting prices - Entry: 3350,13795 -> 3350,13795, StopLoss: 3353,07728 -> 3353,07728
[2025-08-04 14:29:27.068] [INFO] Sending new order command: sell XAUUSD Entry:3350,13795 SL:3353,07728 Risk:1
[2025-08-04 14:29:27.069] [INFO] New order command sent successfully
[2025-08-04 14:30:38.622] [INFO] Converting prices - Entry: 3353,12884 -> 3353,12884, StopLoss: 3355,81033 -> 3355,81033
[2025-08-04 14:30:38.622] [INFO] Sending new order command: sell XAUUSD Entry:3353,12884 SL:3355,81033 Risk:1
[2025-08-04 14:30:38.625] [INFO] New order command sent successfully
[2025-08-04 14:39:00.760] [INFO] Sending new order command: sell XAUUSD Entry:3348,95191 SL:3351,47870 Risk:1
[2025-08-04 14:39:00.764] [INFO] New order command sent successfully
[2025-08-04 14:44:47.029] [INFO] Formatting prices - Entry: 3344,5687 -> 3344.56870, StopLoss: 3341,26841 -> 3341.26841
[2025-08-04 14:44:47.029] [INFO] Sending new order command: buy XAUUSD Entry:3344.56870 SL:3341.26841 Risk:1
[2025-08-04 14:44:47.032] [INFO] New order command sent successfully
[2025-08-04 14:44:52.844] [INFO] Formatting prices - Entry: 3345,23908 -> 3345.23908, StopLoss: 3342,50602 -> 3342.50602
[2025-08-04 14:44:52.845] [INFO] Sending new order command: buy XAUUSD Entry:3345.23908 SL:3342.50602 Risk:1
[2025-08-04 14:44:52.845] [INFO] New order command sent successfully
[2025-08-04 14:45:23.051] [INFO] Formatting prices - Entry: 3358,33712 -> 3358.33712, StopLoss: 3356,42914 -> 3356.42914
[2025-08-04 14:45:23.051] [INFO] Sending new order command: buy XAUUSD Entry:3358.33712 SL:3356.42914 Risk:1
[2025-08-04 14:45:23.051] [INFO] New order command sent successfully
[2025-08-04 14:45:59.131] [INFO] Formatting prices - Entry: 3345,96101 -> 3345.96101, StopLoss: 3349,57071 -> 3349.57071
[2025-08-04 14:45:59.131] [INFO] Sending new order command: sell XAUUSD Entry:3345.96101 SL:3349.57071 Risk:1
[2025-08-04 14:45:59.132] [INFO] New order command sent successfully
[2025-08-04 14:46:18.920] [INFO] Formatting prices - Entry: 3358,49182 -> 3358.49182, StopLoss: 3356,22287 -> 3356.22287
[2025-08-04 14:46:18.920] [INFO] Sending new order command: buy XAUUSD Entry:3358.49182 SL:3356.22287 Risk:1
[2025-08-04 14:46:18.921] [INFO] New order command sent successfully
[2025-08-04 15:14:26.973] [INFO] Formatting prices - Entry: 3368,43151 -> 3368.43151, StopLoss: 3369,19475 -> 3369.19475
[2025-08-04 15:14:26.973] [INFO] Sending pending_sell command: XAUUSD Entry:3368.43151 SL:3369.19475 Risk:1
[2025-08-04 15:14:26.976] [INFO] pending_sell command sent successfully
[2025-08-04 15:16:23.015] [INFO] Formatting prices - Entry: 3357,2879 -> 3357.28790, StopLoss: 3353,23932 -> 3353.23932
[2025-08-04 15:16:23.015] [INFO] Sending pending_buy command: XAUUSD Entry:3357.28790 SL:3353.23932 Risk:1
[2025-08-04 15:16:23.016] [INFO] pending_buy command sent successfully
[2025-08-04 15:16:43.831] [INFO] Formatting prices - Entry: 3373,3942 -> 3373.39420, StopLoss: 3365,65138 -> 3365.65138
[2025-08-04 15:16:43.831] [INFO] Sending pending_buy command: XAUUSD Entry:3373.39420 SL:3365.65138 Risk:1
[2025-08-04 15:16:43.832] [INFO] pending_buy command sent successfully
[2025-08-04 15:25:55.318] [INFO] Formatting prices - Entry: 3362,40131 -> 3362.40131, StopLoss: 3371,10003 -> 3371.10003
[2025-08-04 15:25:55.319] [INFO] Sending pending_sell command: XAUUSD Entry:3362.40131 SL:3371.10003 Risk:1
[2025-08-04 15:25:55.332] [WARNING] Failed to send pending_sell command
[2025-08-04 15:26:13.195] [INFO] Formatting prices - Entry: 3363,5484 -> 3363.54840, StopLoss: 3371,67357 -> 3371.67357
[2025-08-04 15:26:13.196] [INFO] Sending pending_sell command: XAUUSD Entry:3363.54840 SL:3371.67357 Risk:1
[2025-08-04 15:26:13.199] [INFO] pending_sell command sent successfully
[2025-08-04 15:29:21.193] [INFO] Formatting prices - Entry: 3362,73149 -> 3362.73149, StopLoss: 3371,30294 -> 3371.30294
[2025-08-04 15:29:21.193] [INFO] Sending pending_sell command: XAUUSD Entry:3362.73149 SL:3371.30294 Risk:1
[2025-08-04 15:29:21.198] [WARNING] Failed to send pending_sell command
[2025-08-04 15:29:32.081] [INFO] Formatting prices - Entry: 3362,42807 -> 3362.42807, StopLoss: 3371,75806 -> 3371.75806
[2025-08-04 15:29:32.081] [INFO] Sending pending_sell command: XAUUSD Entry:3362.42807 SL:3371.75806 Risk:1
[2025-08-04 15:29:32.082] [INFO] pending_sell command sent successfully
[2025-08-04 15:30:10.327] [INFO] Formatting prices - Entry: 3365,99319 -> 3365.99319, StopLoss: 3372,59245 -> 3372.59245
[2025-08-04 15:30:10.327] [INFO] Sending pending_sell command: XAUUSD Entry:3365.99319 SL:3372.59245 Risk:1
[2025-08-04 15:30:10.328] [INFO] pending_sell command sent successfully
[2025-08-04 15:33:05.311] [INFO] Formatting prices - Entry: 3366,92809 -> 3366.92809, StopLoss: 3368,0896 -> 3368.08960
[2025-08-04 15:33:05.311] [INFO] Sending pending_sell command: XAUUSD Entry:3366.92809 SL:3368.08960 Risk:1
[2025-08-04 15:33:05.311] [INFO] pending_sell command sent successfully
[2025-08-04 15:35:07.431] [INFO] Formatting prices - Entry: 3366,46256 -> 3366.46256, StopLoss: 3367,66368 -> 3367.66368
[2025-08-04 15:35:07.431] [INFO] Sending pending_sell command: XAUUSD Entry:3366.46256 SL:3367.66368 Risk:1
[2025-08-04 15:35:07.431] [INFO] pending_sell command sent successfully
[2025-08-04 15:36:22.337] [INFO] Formatting prices - Entry: 3361,1883 -> 3361.18830, StopLoss: 3364,5935 -> 3364.59350
[2025-08-04 15:36:22.337] [INFO] Sending pending_sell command: XAUUSD Entry:3361.18830 SL:3364.59350 Risk:1
[2025-08-04 15:36:22.338] [WARNING] Failed to send pending_sell command
[2025-08-04 15:36:47.457] [INFO] Formatting prices - Entry: 3360,92935 -> 3360.92935, StopLoss: 3364,45108 -> 3364.45108
[2025-08-04 15:36:47.457] [INFO] Sending pending_sell command: XAUUSD Entry:3360.92935 SL:3364.45108 Risk:1
[2025-08-04 15:36:47.458] [INFO] pending_sell command sent successfully
[2025-08-04 15:38:02.414] [INFO] Formatting prices - Entry: 3364,11444 -> 3364.11444, StopLoss: 3361,01998 -> 3361.01998
[2025-08-04 15:38:02.414] [INFO] Sending pending_buy command: XAUUSD Entry:3364.11444 SL:3361.01998 Risk:1
[2025-08-04 15:38:02.415] [INFO] pending_buy command sent successfully
[2025-08-04 15:39:03.313] [INFO] Formatting prices - Entry: 3360,9164 -> 3360.91640, StopLoss: 3364,06265 -> 3364.06265
[2025-08-04 15:39:03.313] [INFO] Sending pending_sell command: XAUUSD Entry:3360.91640 SL:3364.06265 Risk:1
[2025-08-04 15:39:03.314] [INFO] pending_sell command sent successfully
[2025-08-04 15:39:24.498] [INFO] Formatting prices - Entry: 3362,71611 -> 3362.71611, StopLoss: 3364,25686 -> 3364.25686
[2025-08-04 15:39:24.498] [INFO] Sending pending_sell command: XAUUSD Entry:3362.71611 SL:3364.25686 Risk:1
[2025-08-04 15:39:24.498] [INFO] pending_sell command sent successfully
[2025-08-04 15:40:42.450] [INFO] Formatting prices - Entry: 3361,17535 -> 3361.17535, StopLoss: 3363,11748 -> 3363.11748
[2025-08-04 15:40:42.450] [INFO] Sending pending_sell command: XAUUSD Entry:3361.17535 SL:3363.11748 Risk:1
[2025-08-04 15:40:42.453] [WARNING] Failed to send pending_sell command
[2025-08-04 15:41:02.972] [INFO] Formatting prices - Entry: 3361,08398 -> 3361.08398, StopLoss: 3363,2646 -> 3363.26460
[2025-08-04 15:41:02.972] [INFO] Sending pending_sell command: XAUUSD Entry:3361.08398 SL:3363.26460 Risk:1
[2025-08-04 15:41:02.973] [INFO] pending_sell command sent successfully
[2025-08-04 15:41:17.525] [INFO] Formatting prices - Entry: 3361,39896 -> 3361.39896, StopLoss: 3363,57958 -> 3363.57958
[2025-08-04 15:41:17.526] [INFO] Sending pending_sell command: XAUUSD Entry:3361.39896 SL:3363.57958 Risk:1
[2025-08-04 15:41:17.526] [INFO] pending_sell command sent successfully
[2025-08-04 15:47:31.574] [INFO] Formatting prices - Entry: 3366,01214 -> 3366.01214, StopLoss: 3364,36848 -> 3364.36848
[2025-08-04 15:47:31.574] [INFO] Sending pending_buy command: XAUUSD Entry:3366.01214 SL:3364.36848 Risk:1
[2025-08-04 15:47:31.575] [INFO] pending_buy command sent successfully
[2025-08-04 15:48:41.573] [INFO] Formatting prices - Entry: 3367,56573 -> 3367.56573, StopLoss: 3364,41351 -> 3364.41351
[2025-08-04 15:48:41.573] [INFO] Sending pending_buy command: XAUUSD Entry:3367.56573 SL:3364.41351 Risk:1
[2025-08-04 15:48:41.575] [WARNING] Failed to send pending_buy command
[2025-08-04 15:49:05.102] [INFO] Formatting prices - Entry: 3370,87953 -> 3370.87953, StopLoss: 3358,82045 -> 3358.82045
[2025-08-04 15:49:05.103] [INFO] Sending pending_buy command: XAUUSD Entry:3370.87953 SL:3358.82045 Risk:1
[2025-08-04 15:49:05.104] [WARNING] Failed to send pending_buy command
[2025-08-04 15:49:21.403] [INFO] Formatting prices - Entry: 3372,55441 -> 3372.55441, StopLoss: 3359,23917 -> 3359.23917
[2025-08-04 15:49:21.403] [INFO] Sending pending_buy command: XAUUSD Entry:3372.55441 SL:3359.23917 Risk:1
[2025-08-04 15:49:21.404] [INFO] pending_buy command sent successfully
[2025-08-04 15:50:20.634] [INFO] Formatting prices - Entry: 3372,13569 -> 3372.13569, StopLoss: 3360,91404 -> 3360.91404
[2025-08-04 15:50:20.634] [INFO] Sending pending_buy command: XAUUSD Entry:3372.13569 SL:3360.91404 Risk:1
[2025-08-04 15:50:20.636] [WARNING] Failed to send pending_buy command
[2025-08-04 15:50:30.930] [INFO] Formatting prices - Entry: 3371,9682 -> 3371.96820, StopLoss: 3359,99286 -> 3359.99286
[2025-08-04 15:50:30.930] [INFO] Sending pending_buy command: XAUUSD Entry:3371.96820 SL:3359.99286 Risk:1
[2025-08-04 15:50:30.931] [INFO] pending_buy command sent successfully
[2025-08-04 15:57:44.777] [INFO] Formatting prices - Entry: 3366,70805 -> 3366.70805, StopLoss: 3365,23921 -> 3365.23921
[2025-08-04 15:57:44.777] [INFO] Sending pending_buy command: XAUUSD Entry:3366.70805 SL:3365.23921 Risk:1
[2025-08-04 15:57:44.778] [INFO] pending_buy command sent successfully
[2025-08-04 16:05:02.057] [INFO] Formatting prices - Entry: 3368,42114 -> 3368.42114, StopLoss: 3367,09237 -> 3367.09237
[2025-08-04 16:05:02.057] [INFO] Sending pending_buy command: XAUUSD Entry:3368.42114 SL:3367.09237 Risk:1
[2025-08-04 16:05:02.057] [INFO] pending_buy command sent successfully
[2025-08-04 16:05:36.810] [INFO] Formatting prices - Entry: 3368,60131 -> 3368.60131, StopLoss: 3366,31563 -> 3366.31563
[2025-08-04 16:05:36.810] [INFO] Sending pending_buy command: XAUUSD Entry:3368.60131 SL:3366.31563 Risk:1
[2025-08-04 16:05:36.811] [INFO] pending_buy command sent successfully
[2025-08-04 16:07:28.522] [INFO] Formatting prices - Entry: 3363,95153 -> 3363.95153, StopLoss: 3361,25663 -> 3361.25663
[2025-08-04 16:07:28.523] [INFO] Sending pending_buy command: XAUUSD Entry:3363.95153 SL:3361.25663 Risk:1
[2025-08-04 16:07:28.523] [INFO] pending_buy command sent successfully
[2025-08-04 16:13:06.255] [INFO] Formatting prices - Entry: 3372,71025 -> 3372.71025, StopLoss: 3369,91397 -> 3369.91397
[2025-08-04 16:13:06.255] [INFO] Sending pending_buy command: XAUUSD Entry:3372.71025 SL:3369.91397 Risk:1
[2025-08-04 16:13:06.255] [INFO] pending_buy command sent successfully
[2025-08-04 16:18:50.545] [INFO] Formatting prices - Entry: 3375,22106 -> 3375.22106, StopLoss: 3373,34432 -> 3373.34432
[2025-08-04 16:18:50.545] [INFO] Sending pending_buy command: XAUUSD Entry:3375.22106 SL:3373.34432 Risk:1
[2025-08-04 16:18:50.545] [INFO] pending_buy command sent successfully
[2025-08-04 16:29:17.506] [INFO] Formatting prices - Entry: 3311,87729 -> 3311.87729, StopLoss: 3326,99869 -> 3326.99869
[2025-08-04 16:29:17.506] [INFO] Sending pending_sell command: XAUUSD Entry:3311.87729 SL:3326.99869 Risk:1
[2025-08-04 16:29:17.507] [INFO] pending_sell command sent successfully
[2025-08-04 16:29:34.376] [INFO] Formatting prices - Entry: 3375,23554 -> 3375.23554, StopLoss: 3373,58388 -> 3373.58388
[2025-08-04 16:29:34.377] [INFO] Sending pending_buy command: XAUUSD Entry:3375.23554 SL:3373.58388 Risk:1
[2025-08-04 16:29:34.377] [INFO] pending_buy command sent successfully
[2025-08-04 16:53:10.952] [INFO] Formatting prices - Entry: 3382,31097 -> 3382.31097, StopLoss: 3380,06516 -> 3380.06516
[2025-08-04 16:53:10.952] [INFO] Sending pending_buy command: XAUUSD Entry:3382.31097 SL:3380.06516 Risk:1
[2025-08-04 16:53:10.953] [INFO] pending_buy command sent successfully
[2025-08-04 17:23:16.859] [INFO] Formatting prices - Entry: 3358,46604 -> 3358.46604, StopLoss: 3355,00866 -> 3355.00866
[2025-08-04 17:23:16.860] [INFO] Sending pending_buy command: XAUUSD Entry:3358.46604 SL:3355.00866 Risk:1
[2025-08-04 17:23:16.870] [INFO] pending_buy command sent successfully
[2025-08-04 17:44:08.891] [INFO] Formatting prices - Entry: 3376,87361 -> 3376.87361, StopLoss: 3377,39413 -> 3377.39413
[2025-08-04 17:44:08.892] [INFO] Sending pending_sell command: XAUUSD Entry:3376.87361 SL:3377.39413 Risk:1
[2025-08-04 17:44:08.892] [INFO] pending_sell command sent successfully
[2025-08-04 17:44:14.412] [INFO] Formatting prices - Entry: 3377,80371 -> 3377.80371, StopLoss: 3378,37543 -> 3378.37543
[2025-08-04 17:44:14.412] [INFO] Sending pending_sell command: XAUUSD Entry:3377.80371 SL:3378.37543 Risk:1
[2025-08-04 17:44:14.412] [INFO] pending_sell command sent successfully
[2025-08-04 17:44:28.964] [INFO] Formatting prices - Entry: 3377,44532 -> 3377.44532, StopLoss: 3378,04264 -> 3378.04264
[2025-08-04 17:44:28.964] [INFO] Sending pending_sell command: XAUUSD Entry:3377.44532 SL:3378.04264 Risk:1
[2025-08-04 17:44:28.965] [INFO] pending_sell command sent successfully
[2025-08-04 18:19:20.147] [INFO] Formatting prices - Entry: 3362,53806 -> 3362.53806, StopLoss: 3357,6209 -> 3357.62090
[2025-08-04 18:19:20.147] [INFO] Sending pending_buy command: XAUUSD Entry:3362.53806 SL:3357.62090 Risk:1
[2025-08-04 18:19:20.150] [WARNING] Failed to send pending_buy command
[2025-08-04 18:19:45.057] [INFO] Formatting prices - Entry: 3371,45841 -> 3371.45841, StopLoss: 3372,06879 -> 3372.06879
[2025-08-04 18:19:45.057] [INFO] Sending pending_sell command: XAUUSD Entry:3371.45841 SL:3372.06879 Risk:1
[2025-08-04 18:19:45.058] [INFO] pending_sell command sent successfully
[2025-08-04 18:25:12.556] [INFO] Formatting prices - Entry: 3353,91139 -> 3353.91139, StopLoss: 3357,61018 -> 3357.61018
[2025-08-04 18:25:12.556] [INFO] Sending pending_sell command: XAUUSD Entry:3353.91139 SL:3357.61018 Risk:1
[2025-08-04 18:25:12.560] [INFO] pending_sell command sent successfully
[2025-08-04 18:28:40.808] [INFO] Formatting prices - Entry: 3373,57119 -> 3373.57119, StopLoss: 3374,63702 -> 3374.63702
[2025-08-04 18:28:40.808] [INFO] Sending pending_sell command: XAUUSD Entry:3373.57119 SL:3374.63702 Risk:1
[2025-08-04 18:28:40.809] [INFO] pending_sell command sent successfully
[2025-08-04 18:29:04.607] [INFO] Formatting prices - Entry: 3373,52893 -> 3373.52893, StopLoss: 3373,51484 -> 3373.51484
[2025-08-04 18:29:04.607] [INFO] Sending pending_buy command: XAUUSD Entry:3373.52893 SL:3373.51484 Risk:1
[2025-08-04 18:29:04.608] [INFO] pending_buy command sent successfully
[2025-08-04 18:29:05.016] [INFO] Formatting prices - Entry: 3373,45848 -> 3373.45848, StopLoss: 3373,698 -> 3373.69800
[2025-08-04 18:29:05.016] [INFO] Sending pending_sell command: XAUUSD Entry:3373.45848 SL:3373.69800 Risk:1
[2025-08-04 18:29:05.016] [INFO] pending_sell command sent successfully
[2025-08-04 18:29:05.431] [INFO] Formatting prices - Entry: 3373,74027 -> 3373.74027, StopLoss: 3373,76845 -> 3373.76845
[2025-08-04 18:29:05.431] [INFO] Sending pending_sell command: XAUUSD Entry:3373.74027 SL:3373.76845 Risk:1
[2025-08-04 18:29:05.435] [INFO] pending_sell command sent successfully
[2025-08-04 18:29:09.100] [INFO] Formatting prices - Entry: 3373,59937 -> 3373.59937, StopLoss: 3374,03117 -> 3374.03117
[2025-08-04 18:29:09.101] [INFO] Sending pending_sell command: XAUUSD Entry:3373.59937 SL:3374.03117 Risk:1
[2025-08-04 18:29:09.101] [INFO] pending_sell command sent successfully
[2025-08-04 18:29:09.578] [INFO] Formatting prices - Entry: 3373,66982 -> 3373.66982, StopLoss: 3374,32705 -> 3374.32705
[2025-08-04 18:29:09.579] [INFO] Sending pending_sell command: XAUUSD Entry:3373.66982 SL:3374.32705 Risk:1
[2025-08-04 18:29:09.579] [INFO] pending_sell command sent successfully
[2025-08-04 18:29:10.017] [INFO] Formatting prices - Entry: 3373,8248 -> 3373.82480, StopLoss: 3374,69338 -> 3374.69338
[2025-08-04 18:29:10.017] [INFO] Sending pending_sell command: XAUUSD Entry:3373.82480 SL:3374.69338 Risk:1
[2025-08-04 18:29:10.018] [INFO] pending_sell command sent successfully
[2025-08-04 21:17:34.896] [INFO] Formatting prices - Entry: 3378,13149 -> 3378.13149, StopLoss: 3379,63148 -> 3379.63148
[2025-08-04 21:17:34.897] [INFO] Sending pending_sell command: XAUUSD Entry:3378.13149 SL:3379.63148 Risk:1
[2025-08-04 21:17:34.906] [INFO] pending_sell command sent successfully
[2025-08-04 21:21:09.361] [INFO] Formatting prices - Entry: 3373,9987 -> 3373.99870, StopLoss: 3373,16208 -> 3373.16208
[2025-08-04 21:21:09.361] [INFO] Sending pending_buy command: XAUUSD Entry:3373.99870 SL:3373.16208 Risk:1
[2025-08-04 21:21:09.362] [INFO] pending_buy command sent successfully
[2025-08-04 21:25:17.521] [INFO] Formatting prices - Entry: 3382,14468 -> 3382.14468, StopLoss: 3384,44401 -> 3384.44401
[2025-08-04 21:25:17.522] [INFO] Sending pending_sell command: XAUUSD Entry:3382.14468 SL:3384.44401 Risk:1
[2025-08-04 21:25:17.522] [INFO] pending_sell command sent successfully
[2025-08-04 22:14:51.835] [INFO] Formatting prices - Entry: 3374,53857 -> 3374.53857, StopLoss: 3373,80435 -> 3373.80435
[2025-08-04 22:14:51.836] [INFO] Sending pending_buy command: XAUUSD Entry:3374.53857 SL:3373.80435 Risk:1
[2025-08-04 22:14:51.839] [INFO] pending_buy command sent successfully
[2025-08-04 22:18:27.616] [INFO] Formatting prices - Entry: 3372,39527 -> 3372.39527, StopLoss: 3371,52683 -> 3371.52683
[2025-08-04 22:18:27.617] [INFO] Sending pending_buy command: XAUUSD Entry:3372.39527 SL:3371.52683 Risk:1
[2025-08-04 22:18:27.619] [INFO] pending_buy command sent successfully
[2025-08-04 22:18:32.798] [INFO] Formatting prices - Entry: 3372,81915 -> 3372.81915, StopLoss: 3373,50149 -> 3373.50149
[2025-08-04 22:18:32.799] [INFO] Sending pending_sell command: XAUUSD Entry:3372.81915 SL:3373.50149 Risk:1
[2025-08-04 22:18:32.799] [INFO] pending_sell command sent successfully
