[2025-07-21 20:27:27.769] [SOCKET] MT4 OUT: {"cmd":"SELL","symbol":"XAUUSD","risk":1,"id":"20250721202727706"}
[2025-07-21 22:49:06.918] [SOCKET] MT4 OUT: {"cmd":"SELL","symbol":"XAUUSD","risk":1,"id":"20250721224906773"}
[2025-07-21 22:50:46.913] [SOCKET] MT4 OUT: {"cmd":"close_positions","symbol":"XAUUSD.s"}
[2025-07-21 22:51:08.423] [SOCKET] MT4 OUT: {"cmd":"BUY","symbol":"GBPJPY","risk":1,"id":"20250721225108357"}
[2025-07-21 23:01:02.227] [SOCKET] MT4 OUT: {"cmd":"close_positions","symbol":"GBPJPY.s"}
[2025-07-21 23:09:39.725] [SOCKET] MT4 OUT: {"cmd":"BUY","symbol":"GBPJPY","risk":1,"id":"20250721230937711"}
[2025-07-21 23:09:45.839] [SOCKET] MT4 OUT: {"cmd":"BUY","symbol":"GBPJPY","risk":1,"id":"20250721230944859"}
[2025-07-21 23:09:52.985] [SOCKET] MT4 OUT: {"cmd":"SELL","symbol":"GBPJPY","risk":1,"id":"20250721230951614"}
[2025-07-21 23:09:55.091] [SOCKET] MT4 OUT: {"cmd":"SELL","symbol":"GBPJPY","risk":1,"id":"20250721230954089"}
[2025-07-21 23:09:57.222] [SOCKET] MT4 OUT: {"cmd":"SELL","symbol":"GBPJPY","risk":1,"id":"20250721230956566"}
[2025-07-21 23:10:04.382] [SOCKET] MT4 OUT: {"cmd":"SELL","symbol":"GBPJPY","risk":1,"id":"20250721231002945"}
[2025-07-21 23:10:35.834] [SOCKET] MT4 OUT: {"cmd":"close_positions","symbol":"GBPJPY.s"}
[2025-07-21 23:19:15.729] [SOCKET] MT4 OUT: {"cmd":"BUY","symbol":"GBPJPY","risk":1,"id":"20250721231914002"}
[2025-07-22 13:29:42.629] [SOCKET] MT4 OUT: {"cmd":"BUY","symbol":"XAUUSD","risk":1,"id":"20250722132942559"}
[2025-07-22 13:30:27.727] [SOCKET] MT4 OUT: {"cmd":"BUY","symbol":"XAUUSD","risk":1,"id":"20250722133026373"}
[2025-07-22 13:30:51.978] [SOCKET] MT4 OUT: {"cmd":"SELL","symbol":"XAUUSD","risk":1,"id":"20250722133051914"}
[2025-07-22 13:49:16.891] [SOCKET] MT4 OUT: {"cmd":"SELL","symbol":"XAUUSD","risk":1,"id":"20250722134916813"}
[2025-07-22 13:49:36.833] [SOCKET] MT4 OUT: {"cmd":"BUY","symbol":"XAUUSD","risk":1,"id":"20250722134935480"}
[2025-07-22 13:49:49.015] [SOCKET] MT4 OUT: {"cmd":"SELL","symbol":"XAUUSD","risk":1,"id":"20250722134947328"}
[2025-07-22 13:49:57.258] [SOCKET] MT4 OUT: {"cmd":"close_positions","symbol":"XAUUSD.s"}
[2025-07-22 14:00:42.004] [SOCKET] MT4 OUT: {"cmd":"SELL","symbol":"XAUUSD","risk":1,"id":"20250722140041867"}
[2025-07-22 14:01:10.180] [SOCKET] MT4 OUT: {"cmd":"BUY","symbol":"XAUUSD","risk":1,"id":"20250722140108479"}
[2025-07-22 14:01:19.826] [SOCKET] MT4 OUT: {"cmd":"close_positions","symbol":"XAUUSD.s"}
[2025-07-22 14:09:19.967] [SOCKET] MT4 OUT: {"cmd":"SELL","symbol":"GBPJPY","risk":1,"id":"20250722140914320"}
[2025-07-22 14:22:26.420] [SOCKET] MT4 OUT: {"cmd":"close_positions","symbol":"GBPJPY.s"}
[2025-07-22 14:57:20.556] [SOCKET] MT4 OUT: {"cmd":"SELL","symbol":"GBPJPY","risk":1,"id":"20250722145719544"}
[2025-07-22 15:04:18.221] [SOCKET] MT4 OUT: {"cmd":"SELL","symbol":"USDJPY","risk":1,"id":"20250722150417191"}
[2025-07-22 15:04:23.866] [SOCKET] MT4 OUT: {"cmd":"SELL","symbol":"USDJPY","risk":1,"id":"20250722150422110"}
[2025-07-22 15:07:39.084] [SOCKET] MT4 OUT: {"cmd":"close_positions","symbol":"GBPJPY.s"}
[2025-07-22 15:07:42.828] [SOCKET] MT4 OUT: {"cmd":"close_positions","symbol":"GBPJPY.s"}
[2025-07-22 15:07:58.499] [SOCKET] MT4 OUT: {"cmd":"close_positions","symbol":"USDJPY.s"}
[2025-07-22 15:08:32.966] [SOCKET] MT4 OUT: {"cmd":"BUY","symbol":"XAUUSD","risk":1,"id":"20250722150832782"}
[2025-07-22 15:11:00.255] [SOCKET] MT4 OUT: {"cmd":"SELL","symbol":"USDJPY","risk":1,"id":"20250722151058769"}
[2025-07-22 15:12:38.559] [SOCKET] MT4 OUT: {"cmd":"SELL","symbol":"USDJPY","risk":1,"id":"20250722151218127"}
[2025-07-22 15:25:43.777] [SOCKET] MT4 OUT: {"cmd":"BUY","symbol":"XAUUSD","risk":1,"id":"20250722152541626"}
[2025-07-22 15:25:50.431] [SOCKET] MT4 OUT: {"cmd":"close_positions","symbol":"USDJPY.s"}
[2025-07-22 15:37:06.943] [SOCKET] MT4 OUT: {"cmd":"BUY","symbol":"XAUUSD","risk":1,"id":"20250722153706073"}
[2025-07-22 15:39:33.861] [SOCKET] MT4 OUT: {"cmd":"BUY","symbol":"GBPJPY","risk":1,"id":"20250722145740605"}
[2025-07-22 15:50:03.565] [SOCKET] MT4 OUT: {"cmd":"BUY","symbol":"XAUUSD","risk":1,"id":"20250722155003496"}
[2025-07-22 15:50:39.613] [SOCKET] MT4 OUT: {"cmd":"SELL","symbol":"XAUUSD","risk":1,"id":"20250722155039548"}
[2025-07-22 15:50:43.087] [SOCKET] MT4 OUT: {"cmd":"close_positions","symbol":"XAUUSD.s"}
[2025-07-22 16:02:58.171] [SOCKET] MT4 OUT: {"cmd":"SELL","symbol":"GBPJPY","risk":1,"id":"20250722160256167"}
[2025-07-22 16:11:55.835] [SOCKET] MT4 OUT: {"cmd":"SELL","symbol":"EURUSD","risk":1,"id":"20250722161155672"}
[2025-07-22 16:12:02.079] [SOCKET] MT4 OUT: {"cmd":"close_positions","symbol":"EURUSD.s"}
[2025-07-22 16:25:30.161] [SOCKET] MT4 OUT: {"cmd":"SELL","symbol":"GBPJPY","risk":1,"id":"20250722160521508"}
[2025-07-22 16:25:30.205] [SOCKET] MT4 OUT: {"cmd":"SELL","symbol":"GBPJPY","risk":1,"id":"20250722160523555"}
[2025-07-22 16:38:38.778] [SOCKET] MT4 OUT: {"cmd":"SELL","symbol":"GBPJPY","risk":1,"id":"20250722163423366"}
[2025-07-22 16:39:43.121] [SOCKET] MT4 OUT: {"cmd":"SELL","symbol":"GBPJPY","risk":1,"id":"20250722163942960"}
[2025-07-22 16:40:57.051] [SOCKET] MT4 OUT: {"cmd":"BUY","symbol":"XAUUSD","risk":1,"id":"20250722164056905"}
[2025-07-22 16:40:58.891] [SOCKET] MT4 OUT: {"cmd":"close_positions","symbol":"XAUUSD.s"}
[2025-07-22 16:41:16.487] [SOCKET] MT4 OUT: {"cmd":"BUY","symbol":"XAUUSD","risk":1,"id":"20250722164116332"}
[2025-07-22 16:41:20.786] [SOCKET] MT4 OUT: {"cmd":"close_positions","symbol":"XAUUSD.s"}
[2025-07-22 16:45:25.304] [SOCKET] MT4 OUT: {"cmd":"BUY","symbol":"XAUUSD","risk":1,"id":"20250722164525164"}
[2025-07-22 17:00:19.795] [SOCKET] MT4 OUT: {"cmd":"SELL","symbol":"XAUUSD","risk":1,"id":"20250722170019632"}
[2025-07-22 17:00:42.086] [SOCKET] MT4 OUT: {"cmd":"close_positions","symbol":"XAUUSD.s"}
[2025-07-22 17:09:17.813] [SOCKET] MT4 OUT: {"cmd":"SELL","symbol":"GBPJPY","risk":1,"id":"20250722160513397"}
[2025-07-22 17:18:20.591] [SOCKET] MT4 OUT: {"cmd":"BUY","symbol":"XAUUSD","risk":1,"id":"20250722171813086"}
[2025-07-22 17:18:20.642] [SOCKET] MT4 OUT: {"cmd":"BUY","symbol":"XAUUSD","risk":1,"id":"20250722171819066"}
[2025-07-22 17:19:02.978] [SOCKET] MT4 OUT: {"cmd":"SELL","symbol":"XAUUSD","risk":1,"id":"20250722171902847"}
[2025-07-22 17:48:31.599] [SOCKET] MT4 OUT: {"cmd":"BUY","symbol":"GBPJPY","risk":1,"id":"20250722174830086"}
[2025-07-22 17:48:38.613] [SOCKET] MT4 OUT: {"cmd":"SELL","symbol":"GBPJPY","risk":1,"id":"20250722174836542"}
[2025-07-22 17:49:10.628] [SOCKET] MT4 OUT: {"cmd":"close_positions","symbol":"GBPJPY.s"}
[2025-07-22 18:00:37.297] [SOCKET] MT4 OUT: {"cmd":"BUY","symbol":"GBPUSD","risk":1,"id":"20250722180037082"}
[2025-07-22 18:01:10.212] [SOCKET] MT4 OUT: {"cmd":"BUY","symbol":"USDJPY","risk":1,"id":"20250722180110003"}
[2025-07-22 18:26:33.724] [SOCKET] MT4 OUT: {"cmd":"close_positions","symbol":"XAUUSD.s"}
[2025-07-22 18:52:11.626] [SOCKET] MT4 OUT: {"cmd":"BUY","symbol":"GBPJPY","risk":1,"id":"20250722185211517"}
[2025-07-22 18:52:58.561] [SOCKET] MT4 OUT: {"cmd":"BUY","symbol":"GBPJPY","risk":1,"id":"20250722185239429"}
[2025-07-22 18:54:13.256] [SOCKET] MT4 OUT: {"cmd":"BUY","symbol":"GBPJPY","risk":1,"id":"20250722185219749"}
[2025-07-22 18:55:48.408] [SOCKET] MT4 OUT: {"cmd":"BUY","symbol":"GBPJPY","risk":1,"id":"20250722185547727"}
[2025-07-22 18:55:50.518] [SOCKET] MT4 OUT: {"cmd":"BUY","symbol":"XAUUSD","risk":1,"id":"20250722184737024"}
[2025-07-22 18:56:46.740] [SOCKET] MT4 OUT: {"cmd":"BUY","symbol":"EURUSD","risk":1,"id":"20250722185646659"}
[2025-07-22 18:58:57.043] [SOCKET] MT4 OUT: {"cmd":"BUY","symbol":"GBPUSD","risk":1,"id":"20250722185856958"}
[2025-07-22 18:59:10.805] [SOCKET] MT4 OUT: {"cmd":"BUY","symbol":"EURUSD","risk":1,"id":"20250722185642613"}
[2025-07-22 19:00:08.891] [SOCKET] MT4 OUT: {"cmd":"close_positions","symbol":"GBPUSD.s"}
[2025-07-22 19:00:10.875] [SOCKET] MT4 OUT: {"cmd":"close_positions","symbol":"EURUSD.s"}
[2025-07-22 19:00:13.139] [SOCKET] MT4 OUT: {"cmd":"close_positions","symbol":"XAUUSD.s"}
[2025-07-22 19:00:13.859] [SOCKET] MT4 OUT: {"cmd":"close_positions","symbol":"GBPJPY.s"}
[2025-07-22 19:03:48.733] [SOCKET] MT4 OUT: {"cmd":"SELL","symbol":"EURUSD","risk":1,"id":"20250722190346526"}
[2025-07-22 19:07:02.540] [SOCKET] MT4 OUT: {"cmd":"BUY","symbol":"GBPJPY","risk":1,"id":"20250722190702446"}
[2025-07-22 19:07:09.275] [SOCKET] MT4 OUT: {"cmd":"BUY","symbol":"GBPJPY","risk":1,"id":"20250722190709179"}
[2025-07-22 19:09:44.717] [SOCKET] MT4 OUT: {"cmd":"BUY","symbol":"EURUSD","risk":1,"id":"20250722190944637"}
[2025-07-22 19:09:52.211] [SOCKET] MT4 OUT: {"cmd":"BUY","symbol":"EURUSD","risk":1,"id":"20250722190952119"}
[2025-07-22 19:10:08.247] [SOCKET] MT4 OUT: {"cmd":"BUY","symbol":"EURUSD","risk":1,"id":"20250722191008163"}
[2025-07-22 19:11:32.955] [SOCKET] MT4 OUT: {"cmd":"close_positions","symbol":"XAUUSD.s"}
[2025-07-22 19:11:43.155] [SOCKET] MT4 OUT: {"cmd":"close_positions","symbol":"EURUSD.s"}
[2025-07-22 19:11:45.531] [SOCKET] MT4 OUT: {"cmd":"close_positions","symbol":"GBPJPY.s"}
[2025-07-22 19:17:09.719] [SOCKET] MT4 OUT: {"cmd":"SELL","symbol":"XAUUSD","risk":1,"id":"20250722191709502"}
[2025-07-22 19:17:22.219] [SOCKET] MT4 OUT: {"cmd":"SELL","symbol":"XAUUSD","risk":1,"id":"20250722191722028"}
[2025-07-22 19:17:25.869] [SOCKET] MT4 OUT: {"cmd":"SELL","symbol":"XAUUSD","risk":1,"id":"20250722191716533"}
[2025-07-22 19:24:23.501] [SOCKET] MT4 OUT: {"cmd":"BUY","symbol":"XAUUSD","risk":1,"id":"20250722191202280"}
[2025-07-22 19:24:25.907] [SOCKET] MT4 OUT: {"cmd":"BUY","symbol":"XAUUSD","risk":1,"id":"20250722191626888"}
[2025-07-22 19:24:35.090] [SOCKET] MT4 OUT: {"cmd":"close_positions","symbol":"XAUUSD.s"}
[2025-07-22 19:26:55.763] [SOCKET] MT4 OUT: {"cmd":"BUY","symbol":"GBPJPY","risk":1,"id":"20250722192654307"}
[2025-07-22 19:29:15.852] [SOCKET] MT4 OUT: {"cmd":"BUY","symbol":"EURUSD","risk":1,"id":"20250722192915791"}
[2025-07-22 19:30:50.647] [SOCKET] MT4 OUT: {"cmd":"SELL","symbol":"EURUSD","risk":1,"id":"20250722193050575"}
[2025-07-22 19:37:54.872] [SOCKET] MT4 OUT: {"cmd":"BUY","symbol":"GBPJPY","risk":1,"id":"20250722193754823"}
[2025-07-22 19:45:17.166] [SOCKET] MT4 OUT: {"cmd":"BUY","symbol":"GBPJPY","risk":1,"id":"20250722194505091"}
[2025-07-22 19:45:27.974] [SOCKET] MT4 OUT: {"cmd":"BUY","symbol":"GBPJPY","risk":1,"id":"20250722194527907"}
[2025-07-22 19:45:37.876] [SOCKET] MT4 OUT: {"cmd":"BUY","symbol":"GBPJPY","risk":1,"id":"20250722194537818"}
[2025-07-22 19:48:15.782] [SOCKET] MT4 OUT: {"cmd":"SELL","symbol":"EURUSD","risk":1,"id":"20250722194815709"}
[2025-07-22 19:48:38.721] [SOCKET] MT4 OUT: {"cmd":"close_positions","symbol":"EURUSD.s"}
[2025-07-22 19:48:40.769] [SOCKET] MT4 OUT: {"cmd":"close_positions","symbol":"GBPJPY.s"}
[2025-07-22 19:57:44.519] [SOCKET] MT4 OUT: {"cmd":"BUY","symbol":"XAUUSD","risk":1,"id":"20250722195744456"}
[2025-07-22 20:04:13.796] [SOCKET] MT4 OUT: {"cmd":"SELL","symbol":"XAUUSD","risk":1,"id":"20250722200413647"}
[2025-07-22 20:04:20.223] [SOCKET] MT4 OUT: {"cmd":"close_positions","symbol":"XAUUSD.s"}
[2025-07-22 20:04:26.543] [SOCKET] MT4 OUT: {"cmd":"BUY","symbol":"XAUUSD","risk":1,"id":"20250722200426476"}
[2025-07-22 20:09:05.706] [SOCKET] MT4 OUT: {"cmd":"SELL","symbol":"XAUUSD","risk":1,"id":"20250722200905650"}
[2025-07-22 20:13:25.661] [SOCKET] MT4 OUT: {"cmd":"SELL","symbol":"XAUUSD","risk":1,"id":"20250722201325568"}
[2025-07-22 20:14:05.672] [SOCKET] MT4 OUT: {"cmd":"close_positions","symbol":"XAUUSD.s"}
[2025-07-22 20:29:01.094] [SOCKET] MT4 OUT: {"cmd":"BUY","symbol":"XAUUSD","risk":1,"id":"20250722202900978"}
[2025-07-22 21:39:13.511] [SOCKET] MT4 OUT: {"cmd":"BUY","symbol":"GBPJPY","risk":1,"id":"20250722213913413"}
[2025-07-22 21:44:00.629] [SOCKET] MT4 OUT: {"cmd":"SELL","symbol":"EURUSD","risk":1,"id":"20250722214359654"}
[2025-07-22 21:58:03.754] [SOCKET] MT4 OUT: {"cmd":"SELL","symbol":"XAUUSD","risk":1,"id":"20250722215803665"}
[2025-07-22 22:02:06.584] [SOCKET] MT4 OUT: {"cmd":"BUY","symbol":"GBPJPY","risk":1,"id":"20250722220206524"}
[2025-07-22 22:02:14.009] [SOCKET] MT4 OUT: {"cmd":"BUY","symbol":"GBPJPY","risk":1,"id":"20250722220213038"}
[2025-07-22 22:03:11.357] [SOCKET] MT4 OUT: {"cmd":"close_positions","symbol":"EURUSD.s"}
[2025-07-22 22:03:12.524] [SOCKET] MT4 OUT: {"cmd":"close_positions","symbol":"XAUUSD.s"}
[2025-07-22 22:27:51.518] [SOCKET] MT4 OUT: {"cmd":"BUY","symbol":"GBPJPY","risk":1,"id":"20250722222751458"}
[2025-07-22 22:27:59.942] [SOCKET] MT4 OUT: {"cmd":"BUY","symbol":"GBPJPY","risk":1,"id":"20250722222759891"}
[2025-07-22 22:31:42.028] [SOCKET] MT4 OUT: {"cmd":"SELL","symbol":"GBPUSD","risk":1,"id":"20250722223141962"}
[2025-07-22 22:31:45.760] [SOCKET] MT4 OUT: {"cmd":"close_positions","symbol":"GBPUSD.s"}
[2025-07-22 23:11:17.883] [SOCKET] MT4 OUT: {"cmd":"BUY","symbol":"EURUSD","risk":1,"id":"20250722231117827"}
[2025-07-22 23:11:29.974] [SOCKET] MT4 OUT: {"cmd":"BUY","symbol":"EURUSD","risk":1,"id":"20250722231129907"}
[2025-07-22 23:35:03.572] [SOCKET] MT4 OUT: {"cmd":"close_positions","symbol":"EURUSD.s"}
[2025-07-23 09:48:05.600] [SOCKET] MT4 OUT: {"cmd":"BUY","symbol":"EURUSD","risk":1,"id":"20250723094805538"}
[2025-07-23 09:48:11.872] [SOCKET] MT4 OUT: {"cmd":"close_positions","symbol":"EURUSD.s"}
[2025-07-23 09:49:23.971] [SOCKET] MT4 OUT: {"cmd":"SELL","symbol":"EURUSD","risk":1,"id":"20250723094923916"}
[2025-07-23 09:55:52.594] [SOCKET] MT4 OUT: {"cmd":"close_positions","symbol":"EURUSD.s"}
[2025-07-23 10:03:39.097] [SOCKET] MT4 OUT: {"cmd":"BUY","symbol":"XAUUSD","risk":1,"id":"20250723100339026"}
[2025-07-23 10:04:05.220] [SOCKET] MT4 OUT: {"cmd":"BUY","symbol":"XAUUSD","risk":1,"id":"20250723100405161"}
[2025-07-23 10:06:06.907] [SOCKET] MT4 OUT: {"cmd":"close_positions","symbol":"XAUUSD.s"}
[2025-07-23 10:17:21.149] [SOCKET] MT4 OUT: {"cmd":"BUY","symbol":"XAUUSD","risk":1,"id":"20250723101721094"}
[2025-07-23 10:35:53.817] [SOCKET] MT4 OUT: {"cmd":"BUY","symbol":"XAUUSD","risk":1,"id":"20250723103553754"}
[2025-07-23 10:37:49.390] [SOCKET] MT4 OUT: {"cmd":"SELL","symbol":"GBPJPY","risk":1,"id":"20250723103749327"}
[2025-07-23 10:37:53.661] [SOCKET] MT4 OUT: {"cmd":"close_positions","symbol":"GBPJPY.s"}
[2025-07-24 14:07:34.064] [SOCKET] MT4 OUT: {"cmd":"BUY","symbol":"XAUUSD","risk":1,"id":"20250724140634417"}
[2025-07-24 14:15:38.347] [SOCKET] MT4 OUT: {"cmd":"BUY","symbol":"XAUUSD","risk":1,"id":"20250724141538299"}
[2025-07-24 14:25:10.494] [SOCKET] MT4 OUT: {"cmd":"SELL","symbol":"XAUUSD","risk":1,"id":"20250724142510445"}
[2025-07-24 14:35:30.476] [SOCKET] MT4 OUT: {"cmd":"BUY","symbol":"XAUUSD","risk":1,"id":"20250724143530405"}
[2025-07-24 15:40:21.735] [SOCKET] MT4 OUT: {"cmd":"BUY","symbol":"USDJPY","risk":1,"id":"20250724154021561"}
[2025-07-24 15:41:44.452] [SOCKET] MT4 OUT: {"cmd":"BUY","symbol":"USDJPY","risk":1,"id":"20250724154144381"}
[2025-07-24 21:51:40.189] [SOCKET] MT4 OUT: {"cmd":"BUY","symbol":"XAUUSD","risk":10,"id":"20250724202459567"}
[2025-07-25 12:12:22.362] [SOCKET] MT4 OUT: {"cmd":"SELL","symbol":"XAUUSD","risk":1,"id":"20250725121222287"}
[2025-07-25 12:22:05.252] [SOCKET] MT4 OUT: {"cmd":"breakout_up","symbol":"XAUUSD","risk":1,"id":"20250725122205113"}
[2025-07-25 12:23:49.635] [SOCKET] MT4 OUT: {"cmd":"breakout_up","symbol":"XAUUSD","risk":1,"id":"20250725122349510"}
[2025-07-25 12:28:34.196] [SOCKET] MT4 OUT: {"cmd":"breakout_up","symbol":"XAUUSD","risk":1,"id":"20250725122834054"}
[2025-07-25 12:28:42.977] [SOCKET] MT4 OUT: {"cmd":"breakout_down","symbol":"XAUUSD","risk":1,"id":"20250725122842863"}
[2025-07-25 12:28:46.513] [SOCKET] MT4 OUT: {"cmd":"breakout_down","symbol":"XAUUSD","risk":1,"id":"20250725122846393"}
[2025-07-25 12:30:18.750] [SOCKET] MT4 OUT: {"cmd":"close_positions","symbol":"XAUUSD.s"}
[2025-07-25 13:02:10.957] [SOCKET] MT4 OUT: {"cmd":"breakout_up","symbol":"XAUUSD","risk":1,"id":"20250725130210905"}
[2025-07-25 13:03:25.872] [SOCKET] MT4 OUT: {"cmd":"breakout_up","symbol":"XAUUSD","risk":1,"id":"20250725130310612"}
[2025-07-25 13:04:51.915] [SOCKET] MT4 OUT: {"cmd":"breakout_up","symbol":"XAUUSD","risk":1,"id":"20250725130451857"}
[2025-07-25 13:06:57.048] [SOCKET] MT4 OUT: {"cmd":"breakout_down","symbol":"XAUUSD","risk":1,"id":"20250725130621656"}
[2025-07-25 13:07:04.726] [SOCKET] MT4 OUT: {"cmd":"breakout_down","symbol":"XAUUSD","risk":1,"id":"20250725130704667"}
[2025-07-25 13:12:11.553] [SOCKET] MT4 OUT: {"cmd":"close_positions","symbol":"XAUUSD.s"}
[2025-07-25 13:32:52.390] [SOCKET] MT4 OUT: {"cmd":"breakout_down","symbol":"XAUUSD","risk":1,"id":"20250725130720823"}
[2025-07-25 13:56:52.839] [SOCKET] PO OUT: {"cmd":"BUY","symbol":"GBPJPY","risk":5,"duration":2}
[2025-07-25 14:10:51.572] [SOCKET] MT4 OUT: {"cmd":"breakout_down","symbol":"GBPJPY","risk":1,"id":"20250725141051437"}
[2025-07-25 14:11:11.476] [SOCKET] MT4 OUT: {"cmd":"breakout_down","symbol":"GBPJPY","risk":1,"id":"20250725141111404"}
[2025-07-25 14:11:17.519] [SOCKET] PO OUT: {"cmd":"sell","symbol":"GBPJPY","risk":5,"duration":2,"broker":"Quotex"}
[2025-07-25 14:11:47.106] [SOCKET] PO OUT: {"cmd":"sell","symbol":"GBPJPY","risk":1,"duration":2,"broker":"Pocket Option"}
[2025-07-25 14:15:24.637] [SOCKET] PO OUT: {"cmd":"buy","symbol":"GBPJPY","risk":1,"duration":2,"broker":"Pocket Option"}
[2025-07-28 12:14:48.076] [SOCKET] MT4 OUT: {"cmd":"breakout_down","symbol":"XAUUSD","risk":1,"id":"20250728121447020"}
[2025-07-28 12:16:11.525] [SOCKET] MT4 OUT: {"cmd":"breakout_up","symbol":"XAUUSD","risk":1,"id":"20250728121226481"}
[2025-07-28 12:57:59.615] [SOCKET] MT4 OUT: {"cmd":"close_positions","symbol":"XAUUSD.s"}
[2025-07-28 15:12:28.245] [SOCKET] MT4 OUT: {"cmd":"close_positions","symbol":"XAUUSD.s"}
[2025-07-28 15:32:00.711] [SOCKET] MT4 OUT: {"cmd":"breakout_down","symbol":"XAUUSD","risk":1,"id":"20250728153200569"}
[2025-07-28 15:34:25.715] [SOCKET] MT4 OUT: {"cmd":"breakout_up","symbol":"XAUUSD","risk":1,"id":"20250728153425086"}
[2025-07-28 15:34:33.955] [SOCKET] MT4 OUT: {"cmd":"close_positions","symbol":"XAUUSD.s"}
[2025-07-28 15:53:07.842] [SOCKET] MT4 OUT: {"cmd":"breakout_down","symbol":"XAUUSD","risk":1,"id":"20250728155307234"}
[2025-07-28 15:54:45.970] [SOCKET] MT4 OUT: {"cmd":"breakout_up","symbol":"XAUUSD","risk":1,"id":"20250728155445246"}
[2025-07-28 15:55:22.611] [SOCKET] MT4 OUT: {"cmd":"breakout_up","symbol":"XAUUSD","risk":1,"id":"20250728155521760"}
[2025-07-28 16:00:27.274] [SOCKET] MT4 OUT: {"cmd":"breakout_down","symbol":"XAUUSD","risk":1,"id":"20250728160026280"}
[2025-07-28 16:03:38.160] [SOCKET] MT4 OUT: {"cmd":"breakout_up","symbol":"XAUUSD","risk":1,"id":"20250728160337825"}
[2025-07-28 16:04:12.466] [SOCKET] MT4 OUT: {"cmd":"breakout_down","symbol":"XAUUSD","risk":1,"id":"20250728160411663"}
[2025-07-28 16:17:44.674] [SOCKET] MT4 OUT: {"cmd":"breakout_down","symbol":"XAUUSD","risk":1,"id":"20250728161744319"}
[2025-07-28 16:26:29.624] [SOCKET] MT4 OUT: {"cmd":"breakout_down","symbol":"XAUUSD","risk":1,"id":"20250728162628875"}
[2025-07-28 16:26:38.760] [SOCKET] MT4 OUT: {"cmd":"breakout_down","symbol":"XAUUSD","risk":1,"id":"20250728162638351"}
[2025-07-28 16:26:56.975] [SOCKET] MT4 OUT: {"cmd":"breakout_up","symbol":"XAUUSD","risk":1,"id":"20250728162656159"}
[2025-07-28 17:04:30.331] [SOCKET] MT4 OUT: {"cmd":"breakout_up","symbol":"XAUUSD","risk":1,"id":"20250728170429147"}
[2025-07-28 17:04:37.447] [SOCKET] MT4 OUT: {"cmd":"breakout_down","symbol":"XAUUSD","risk":1,"id":"20250728170436838"}
[2025-07-28 17:04:43.599] [SOCKET] MT4 OUT: {"cmd":"breakout_down","symbol":"XAUUSD","risk":1,"id":"20250728170440549"}
[2025-07-28 17:05:33.520] [SOCKET] MT4 OUT: {"cmd":"breakout_down","symbol":"XAUUSD","risk":1,"id":"20250728170509082"}
[2025-07-28 17:07:05.469] [SOCKET] MT4 OUT: {"cmd":"breakout_up","symbol":"XAUUSD","risk":1,"id":"20250728170705189"}
[2025-07-28 17:07:57.344] [SOCKET] MT4 OUT: {"cmd":"breakout_down","symbol":"XAUUSD","risk":1,"id":"20250728170756689"}
[2025-07-28 17:08:27.075] [SOCKET] MT4 OUT: {"cmd":"breakout_down","symbol":"XAUUSD","risk":1,"id":"20250728170819090"}
[2025-07-28 17:08:31.047] [SOCKET] MT4 OUT: {"cmd":"close_positions","symbol":"XAUUSD.s"}
[2025-07-28 17:13:15.967] [SOCKET] MT4 OUT: {"cmd":"breakout_up","symbol":"XAUUSD","risk":1,"id":"20250728171315731"}
[2025-07-28 17:21:51.859] [SOCKET] MT4 OUT: {"cmd":"breakout_up","symbol":"XAUUSD","risk":0,"id":"20250728172150837"}
[2025-07-28 17:22:36.977] [SOCKET] MT4 OUT: {"cmd":"breakout_up","symbol":"XAUUSD","risk":0,"id":"20250728172236463"}
[2025-07-28 17:27:43.157] [SOCKET] MT4 OUT: {"cmd":"breakout_up","symbol":"XAUUSD","risk":1,"id":"20250728172742316"}
[2025-07-28 17:28:03.708] [SOCKET] MT4 OUT: {"cmd":"breakout_up","symbol":"XAUUSD","risk":1,"id":"20250728172803290"}
[2025-07-28 17:28:13.872] [SOCKET] MT4 OUT: {"cmd":"breakout_up","symbol":"XAUUSD","risk":1,"id":"20250728172813452"}
[2025-07-28 17:29:04.544] [SOCKET] MT4 OUT: {"cmd":"breakout_down","symbol":"XAUUSD","risk":1,"id":"20250728172903854"}
[2025-07-28 17:29:30.823] [SOCKET] MT4 OUT: {"cmd":"breakout_down","symbol":"XAUUSD","risk":1,"id":"20250728172930106"}
[2025-07-28 17:30:08.278] [SOCKET] MT4 OUT: {"cmd":"breakout_up","symbol":"XAUUSD","risk":1,"id":"20250728172959965"}
[2025-07-28 17:30:49.783] [SOCKET] MT4 OUT: {"cmd":"breakout_up","symbol":"XAUUSD","risk":1,"id":"20250728173049520"}
[2025-07-28 17:33:26.765] [SOCKET] MT4 OUT: {"cmd":"close_positions","symbol":"XAUUSD.s"}
[2025-07-28 17:34:22.035] [SOCKET] MT4 OUT: {"cmd":"breakout_up","symbol":"XAUUSD","risk":1,"id":"20250728173421878"}
[2025-07-28 17:36:51.519] [SOCKET] MT4 OUT: {"cmd":"breakout_down","symbol":"XAUUSD","risk":1,"id":"20250728173650979"}
[2025-07-28 17:38:31.717] [SOCKET] MT4 OUT: {"cmd":"breakout_down","symbol":"XAUUSD","risk":1,"id":"20250728173831423"}
[2025-07-28 17:45:35.693] [SOCKET] MT4 OUT: {"cmd":"breakout_up","symbol":"XAUUSD","risk":1,"id":"20250728174447800"}
[2025-07-28 17:51:41.060] [SOCKET] MT4 OUT: {"cmd":"breakout_down","symbol":"XAUUSD","risk":1,"id":"20250728175103991"}
[2025-07-28 17:52:36.718] [SOCKET] MT4 OUT: {"cmd":"breakout_down","symbol":"XAUUSD","risk":1,"id":"20250728175235632"}
[2025-07-28 18:06:20.798] [SOCKET] MT4 OUT: {"cmd":"breakout_up","symbol":"XAUUSD","risk":1,"id":"20250728180619620"}
[2025-07-28 18:06:28.910] [SOCKET] MT4 OUT: {"cmd":"breakout_down","symbol":"XAUUSD","risk":1,"id":"20250728180627896"}
[2025-07-28 18:15:46.763] [SOCKET] MT4 OUT: {"cmd":"breakout_up","symbol":"USDJPY","risk":1,"id":"20250728181546504"}
[2025-07-28 18:15:51.848] [SOCKET] MT4 OUT: {"cmd":"breakout_up","symbol":"USDJPY","risk":1,"id":"20250728181551424"}
[2025-07-28 18:15:59.953] [SOCKET] MT4 OUT: {"cmd":"breakout_up","symbol":"USDJPY","risk":1,"id":"20250728181559015"}
[2025-07-28 18:16:04.018] [SOCKET] MT4 OUT: {"cmd":"breakout_up","symbol":"USDJPY","risk":1,"id":"20250728181603027"}
[2025-07-28 18:16:07.118] [SOCKET] MT4 OUT: {"cmd":"breakout_down","symbol":"USDJPY","risk":1,"id":"20250728181606552"}
[2025-07-28 18:16:09.171] [SOCKET] MT4 OUT: {"cmd":"breakout_up","symbol":"USDJPY","risk":1,"id":"20250728181609100"}
[2025-07-28 18:16:20.313] [SOCKET] MT4 OUT: {"cmd":"breakout_up","symbol":"USDJPY","risk":1,"id":"20250728181620068"}
[2025-07-28 18:18:09.533] [SOCKET] MT4 OUT: {"cmd":"breakout_up","symbol":"XAUUSD","risk":1,"id":"20250728181809291"}
[2025-07-28 18:18:59.635] [SOCKET] MT4 OUT: {"cmd":"breakout_up","symbol":"USDJPY","risk":1,"id":"20250728181859069"}
[2025-07-28 18:22:03.546] [SOCKET] MT4 OUT: {"cmd":"close_positions","symbol":"XAUUSD.s"}
[2025-07-28 18:22:04.402] [SOCKET] MT4 OUT: {"cmd":"close_positions","symbol":"USDJPY.s"}
[2025-07-28 18:27:10.137] [SOCKET] MT4 OUT: {"cmd":"breakout_up","symbol":"XAUUSD","risk":1,"id":"20250728182657298"}
[2025-07-28 18:27:10.279] [SOCKET] MT4 OUT: {"cmd":"breakout_up","symbol":"XAUUSD","risk":1,"id":"20250728182704866"}
[2025-07-28 18:27:11.412] [SOCKET] MT4 OUT: {"cmd":"breakout_up","symbol":"XAUUSD","risk":1,"id":"20250728182643616"}
[2025-07-28 18:31:45.525] [SOCKET] MT4 OUT: {"cmd":"breakout_down","symbol":"XAUUSD","risk":1,"id":"20250728183143720"}
[2025-07-28 18:31:48.927] [SOCKET] MT4 OUT: {"cmd":"breakout_down","symbol":"XAUUSD","risk":1,"id":"20250728183146635"}
[2025-07-28 18:32:20.549] [SOCKET] MT4 OUT: {"cmd":"breakout_up","symbol":"XAUUSD","risk":1,"id":"20250728183218769"}
[2025-07-28 18:33:48.701] [SOCKET] MT4 OUT: {"cmd":"breakout_up","symbol":"XAUUSD","risk":1,"id":"20250728183347637"}
[2025-07-28 18:34:14.808] [SOCKET] MT4 OUT: {"cmd":"breakout_up","symbol":"XAUUSD","risk":1,"id":"20250728183413724"}
[2025-07-28 18:36:46.645] [SOCKET] MT4 OUT: {"cmd":"breakout_up","symbol":"XAUUSD","risk":1,"id":"20250728183646322"}
[2025-07-28 18:39:16.496] [SOCKET] MT4 OUT: {"cmd":"breakout_up","symbol":"USDJPY","risk":1,"id":"20250728183916392"}
[2025-07-28 18:39:20.555] [SOCKET] MT4 OUT: {"cmd":"breakout_down","symbol":"USDJPY","risk":1,"id":"20250728183919720"}
[2025-07-28 18:39:23.636] [SOCKET] MT4 OUT: {"cmd":"breakout_up","symbol":"USDJPY","risk":1,"id":"20250728183922905"}
[2025-07-28 18:40:24.197] [SOCKET] MT4 OUT: {"cmd":"breakout_down","symbol":"USDJPY","risk":1,"id":"20250728184023334"}
[2025-07-28 18:40:27.284] [SOCKET] MT4 OUT: {"cmd":"breakout_down","symbol":"USDJPY","risk":1,"id":"20250728184026486"}
[2025-07-28 18:40:29.334] [SOCKET] MT4 OUT: {"cmd":"breakout_up","symbol":"USDJPY","risk":1,"id":"20250728184029250"}
[2025-07-28 18:40:32.399] [SOCKET] MT4 OUT: {"cmd":"breakout_up","symbol":"USDJPY","risk":1,"id":"20250728184031822"}
[2025-07-28 18:41:03.421] [SOCKET] MT4 OUT: {"cmd":"close_positions","symbol":"USDJPY.s"}
[2025-07-28 18:41:26.014] [SOCKET] MT4 OUT: {"cmd":"breakout_up","symbol":"XAUUSD","risk":1,"id":"20250728184124976"}
[2025-07-28 18:42:48.573] [SOCKET] MT4 OUT: {"cmd":"breakout_down","symbol":"XAUUSD","risk":1,"id":"20250728184248316"}
[2025-07-28 18:42:59.712] [SOCKET] MT4 OUT: {"cmd":"breakout_up","symbol":"XAUUSD","risk":1,"id":"20250728184258724"}
[2025-07-28 18:45:46.133] [SOCKET] MT4 OUT: {"cmd":"breakout_up","symbol":"USDJPY","risk":1,"id":"20250728184545041"}
[2025-07-28 18:46:02.340] [SOCKET] MT4 OUT: {"cmd":"breakout_up","symbol":"USDJPY","risk":1,"id":"20250728184601803"}
[2025-07-28 18:46:05.423] [SOCKET] MT4 OUT: {"cmd":"breakout_up","symbol":"USDJPY","risk":1,"id":"20250728184604727"}
[2025-07-28 18:46:07.489] [SOCKET] MT4 OUT: {"cmd":"breakout_down","symbol":"USDJPY","risk":1,"id":"20250728184606546"}
[2025-07-28 18:46:13.563] [SOCKET] MT4 OUT: {"cmd":"breakout_up","symbol":"USDJPY","risk":1,"id":"20250728184613324"}
[2025-07-28 18:46:16.642] [SOCKET] MT4 OUT: {"cmd":"breakout_down","symbol":"USDJPY","risk":1,"id":"20250728184616022"}
[2025-07-28 21:04:55.240] [SOCKET] MT4 OUT: {"cmd":"breakout_up","symbol":"USDJPY","risk":1,"id":"20250728210455017"}
[2025-07-28 21:05:31.642] [SOCKET] MT4 OUT: {"cmd":"breakout_down","symbol":"USDJPY","risk":1,"id":"20250728210531062"}
[2025-07-28 21:07:33.189] [SOCKET] MT4 OUT: {"cmd":"breakout_down","symbol":"USDJPY","risk":1,"id":"20250728210531062"}
[2025-07-28 21:25:03.791] [SOCKET] MT4 OUT: {"cmd":"breakout_up","symbol":"USDJPY","risk":1,"id":"20250728212457284"}
[2025-07-28 21:26:16.090] [SOCKET] MT4 OUT: {"cmd":"breakout_up","symbol":"USDJPY","risk":1,"id":"20250728212606682"}
[2025-07-28 21:27:48.330] [SOCKET] MT4 OUT: {"cmd":"breakout_down","symbol":"USDJPY","risk":1,"id":"20250728212741290"}
[2025-07-28 21:44:33.150] [SOCKET] MT4 OUT: {"cmd":"breakout_up","symbol":"USDJPY","risk":1,"id":"20250728214027804"}
[2025-07-28 21:47:50.291] [SOCKET] MT4 OUT: {"cmd":"breakout_up","symbol":"XAUUSD","risk":1,"id":"20250728214553632"}
[2025-07-28 21:49:29.479] [SOCKET] MT4 OUT: {"cmd":"breakout_down","symbol":"XAUUSD","risk":1,"id":"20250728214928284"}
[2025-07-28 21:55:10.501] [SOCKET] MT4 OUT: {"cmd":"breakout_down","symbol":"XAUUSD","risk":1,"id":"20250728215510390"}
[2025-07-28 21:56:56.233] [SOCKET] MT4 OUT: {"cmd":"breakout_up","symbol":"XAUUSD","risk":1,"id":"20250728215653998"}
[2025-07-28 21:57:10.483] [SOCKET] MT4 OUT: {"cmd":"close_positions","symbol":"USDJPY.s"}
[2025-07-28 21:59:48.473] [SOCKET] MT4 OUT: {"cmd":"breakout_up","symbol":"XAUUSD","risk":1,"id":"20250728215947534"}
[2025-07-28 22:00:33.395] [SOCKET] MT4 OUT: {"cmd":"breakout_up","symbol":"XAUUSD","risk":1,"id":"20250728220019034"}
[2025-07-28 22:05:12.952] [SOCKET] MT4 OUT: {"cmd":"breakout_up","symbol":"XAUUSD","risk":1,"id":"20250728220511325"}
[2025-07-28 22:06:38.990] [SOCKET] MT4 OUT: {"cmd":"breakout_up","symbol":"XAUUSD","risk":1,"id":"20250728220637766"}
[2025-07-28 22:07:20.392] [SOCKET] MT4 OUT: {"cmd":"breakout_up","symbol":"XAUUSD","risk":1,"id":"20250728220719086"}
[2025-07-28 22:09:37.675] [SOCKET] MT4 OUT: {"cmd":"breakout_up","symbol":"XAUUSD","risk":1,"id":"20250728220931309"}
[2025-07-28 22:14:41.360] [SOCKET] MT4 OUT: {"cmd":"breakout_down","symbol":"XAUUSD","risk":1,"id":"20250728221434560"}
[2025-07-28 22:14:56.323] [SOCKET] MT4 OUT: {"cmd":"breakout_down","symbol":"XAUUSD","risk":1,"id":"20250728221452628"}
[2025-07-28 22:15:58.062] [SOCKET] MT4 OUT: {"cmd":"breakout_down","symbol":"XAUUSD","risk":1,"id":"20250728221557578"}
[2025-07-28 22:17:01.802] [SOCKET] MT4 OUT: {"cmd":"breakout_up","symbol":"USDJPY","risk":1,"id":"20250728221659222"}
[2025-07-28 22:20:48.934] [SOCKET] MT4 OUT: {"cmd":"breakout_up","symbol":"XAUUSD","risk":1,"id":"20250728222045003"}
[2025-07-28 22:21:08.559] [SOCKET] MT4 OUT: {"cmd":"breakout_up","symbol":"XAUUSD","risk":1,"id":"20250728222056323"}
[2025-07-28 22:27:19.810] [SOCKET] MT4 OUT: {"cmd":"breakout_up","symbol":"XAUUSD","risk":1,"id":"20250728222536457"}
[2025-07-28 22:35:00.903] [SOCKET] MT4 OUT: {"cmd":"close_positions","symbol":"USDJPY.s"}
[2025-07-28 22:36:31.922] [SOCKET] MT4 OUT: {"cmd":"breakout_up","symbol":"XAUUSD","risk":1,"id":"20250728223526974"}
[2025-07-28 22:37:14.323] [SOCKET] MT4 OUT: {"cmd":"breakout_up","symbol":"XAUUSD","risk":1,"id":"20250728223709310"}
[2025-07-28 22:45:07.899] [SOCKET] MT4 OUT: {"cmd":"close_positions","symbol":"XAUUSD.s"}
[2025-07-28 23:02:17.598] [SOCKET] MT4 OUT: {"cmd":"breakout_down","symbol":"XAUUSD","risk":1,"id":"20250728230207554"}
[2025-07-28 23:03:09.102] [SOCKET] MT4 OUT: {"cmd":"breakout_down","symbol":"XAUUSD","risk":1,"id":"20250728230304577"}
[2025-07-28 23:51:57.492] [SOCKET] MT4 OUT: {"cmd":"breakout_up","symbol":"USDJPY","risk":1,"id":"20250728235156530"}
[2025-07-28 23:52:03.140] [SOCKET] MT4 OUT: {"cmd":"breakout_up","symbol":"USDJPY","risk":1,"id":"20250728235201964"}
[2025-07-28 23:52:12.036] [SOCKET] MT4 OUT: {"cmd":"breakout_up","symbol":"USDJPY","risk":1,"id":"20250728235210317"}
[2025-07-29 00:41:21.023] [SOCKET] MT4 OUT: {"cmd":"breakout_down","symbol":"XAUUSD","risk":1,"id":"20250729004119679"}
[2025-07-29 01:12:38.729] [SOCKET] MT4 OUT: {"cmd":"breakout_down","symbol":"XAUUSD","risk":1,"id":"20250729011237092"}
[2025-07-29 01:12:51.822] [SOCKET] MT4 OUT: {"cmd":"breakout_down","symbol":"XAUUSD","risk":1,"id":"20250729011250022"}
[2025-07-29 01:18:08.907] [SOCKET] MT4 OUT: {"cmd":"breakout_down","symbol":"XAUUSD","risk":1,"id":"20250729011807745"}
[2025-07-29 01:18:39.465] [SOCKET] MT4 OUT: {"cmd":"breakout_up","symbol":"XAUUSD","risk":1,"id":"20250729011816472"}
[2025-07-29 01:18:39.521] [SOCKET] MT4 OUT: {"cmd":"breakout_up","symbol":"XAUUSD","risk":1,"id":"20250729011837648"}
[2025-07-29 01:21:27.559] [SOCKET] MT4 OUT: {"cmd":"close_positions","symbol":"XAUUSD.s"}
[2025-07-29 01:22:13.849] [SOCKET] MT4 OUT: {"cmd":"breakout_down","symbol":"XAUUSD","risk":1,"id":"20250729012212184"}
[2025-07-29 01:22:31.045] [SOCKET] MT4 OUT: {"cmd":"breakout_up","symbol":"XAUUSD","risk":1,"id":"20250729012229326"}
[2025-07-29 01:22:47.230] [SOCKET] MT4 OUT: {"cmd":"breakout_up","symbol":"XAUUSD","risk":1,"id":"20250729012246900"}
[2025-07-29 01:22:58.417] [SOCKET] MT4 OUT: {"cmd":"breakout_up","symbol":"XAUUSD","risk":1,"id":"20250729012257724"}
[2025-07-29 01:23:08.663] [SOCKET] MT4 OUT: {"cmd":"breakout_up","symbol":"XAUUSD","risk":1,"id":"20250729012307730"}
[2025-07-29 01:23:28.265] [SOCKET] MT4 OUT: {"cmd":"breakout_up","symbol":"XAUUSD","risk":1,"id":"20250729012326831"}
[2025-07-29 01:23:34.631] [SOCKET] MT4 OUT: {"cmd":"breakout_down","symbol":"XAUUSD","risk":1,"id":"20250729012332649"}
[2025-07-29 01:23:44.100] [SOCKET] MT4 OUT: {"cmd":"breakout_up","symbol":"XAUUSD","risk":1,"id":"20250729012342915"}
[2025-07-29 01:23:53.538] [SOCKET] MT4 OUT: {"cmd":"breakout_up","symbol":"XAUUSD","risk":1,"id":"20250729012350014"}
[2025-07-29 01:24:02.019] [SOCKET] MT4 OUT: {"cmd":"breakout_up","symbol":"XAUUSD","risk":1,"id":"20250729012401825"}
[2025-07-29 01:24:11.400] [SOCKET] MT4 OUT: {"cmd":"breakout_up","symbol":"XAUUSD","risk":1,"id":"20250729012409378"}
[2025-07-29 01:24:19.003] [SOCKET] MT4 OUT: {"cmd":"breakout_up","symbol":"XAUUSD","risk":1,"id":"20250729012416804"}
[2025-07-29 01:24:24.235] [SOCKET] MT4 OUT: {"cmd":"breakout_up","symbol":"XAUUSD","risk":1,"id":"20250729012422942"}
[2025-07-29 01:24:38.825] [SOCKET] MT4 OUT: {"cmd":"breakout_up","symbol":"XAUUSD","risk":1,"id":"20250729012437632"}
[2025-07-29 01:24:45.105] [SOCKET] MT4 OUT: {"cmd":"breakout_down","symbol":"XAUUSD","risk":1,"id":"20250729012444125"}
[2025-07-29 01:24:49.329] [SOCKET] MT4 OUT: {"cmd":"breakout_up","symbol":"XAUUSD","risk":1,"id":"20250729012447581"}
[2025-07-29 01:24:53.593] [SOCKET] MT4 OUT: {"cmd":"breakout_down","symbol":"XAUUSD","risk":1,"id":"20250729012451658"}
[2025-07-29 01:24:57.934] [SOCKET] MT4 OUT: {"cmd":"breakout_down","symbol":"XAUUSD","risk":1,"id":"20250729012456763"}
[2025-07-29 01:25:04.268] [SOCKET] MT4 OUT: {"cmd":"breakout_up","symbol":"XAUUSD","risk":1,"id":"20250729012502608"}
[2025-07-29 01:25:08.476] [SOCKET] MT4 OUT: {"cmd":"breakout_up","symbol":"XAUUSD","risk":1,"id":"20250729012508378"}
[2025-07-29 01:27:15.829] [SOCKET] MT4 OUT: {"cmd":"breakout_up","symbol":"XAUUSD","risk":1,"id":"20250729012658263"}
[2025-07-29 01:27:15.866] [SOCKET] MT4 OUT: {"cmd":"breakout_up","symbol":"XAUUSD","risk":1,"id":"20250729012714628"}
[2025-07-29 01:27:41.510] [SOCKET] MT4 OUT: {"cmd":"breakout_up","symbol":"XAUUSD","risk":1,"id":"20250729012728016"}
[2025-07-29 01:27:41.565] [SOCKET] MT4 OUT: {"cmd":"breakout_up","symbol":"XAUUSD","risk":1,"id":"20250729012734000"}
[2025-07-29 01:27:41.632] [SOCKET] MT4 OUT: {"cmd":"breakout_up","symbol":"XAUUSD","risk":1,"id":"20250729012739434"}
[2025-07-29 01:29:07.575] [SOCKET] MT4 OUT: {"cmd":"breakout_up","symbol":"XAUUSD","risk":1,"id":"20250729012906657"}
[2025-07-29 01:29:21.809] [SOCKET] MT4 OUT: {"cmd":"close_positions","symbol":"XAUUSD.s"}
[2025-07-29 01:29:22.769] [SOCKET] MT4 OUT: {"cmd":"close_positions","symbol":"XAUUSD.s"}
[2025-07-29 01:29:31.553] [SOCKET] MT4 OUT: {"cmd":"breakout_up","symbol":"XAUUSD","risk":1,"id":"20250729012930375"}
[2025-07-29 01:29:41.966] [SOCKET] MT4 OUT: {"cmd":"breakout_up","symbol":"XAUUSD","risk":1,"id":"20250729012940217"}
[2025-07-29 01:29:56.823] [SOCKET] MT4 OUT: {"cmd":"breakout_up","symbol":"XAUUSD","risk":1,"id":"20250729012955360"}
[2025-07-29 01:30:02.243] [SOCKET] MT4 OUT: {"cmd":"breakout_up","symbol":"XAUUSD","risk":1,"id":"20250729013001082"}
[2025-07-29 01:30:08.686] [SOCKET] MT4 OUT: {"cmd":"breakout_up","symbol":"XAUUSD","risk":1,"id":"20250729013007324"}
[2025-07-29 01:30:14.112] [SOCKET] MT4 OUT: {"cmd":"breakout_up","symbol":"XAUUSD","risk":1,"id":"20250729013012602"}
[2025-07-29 01:30:20.545] [SOCKET] MT4 OUT: {"cmd":"breakout_down","symbol":"XAUUSD","risk":1,"id":"20250729013019069"}
[2025-07-29 01:30:25.962] [SOCKET] MT4 OUT: {"cmd":"breakout_down","symbol":"XAUUSD","risk":1,"id":"20250729013024802"}
[2025-07-29 01:30:34.727] [SOCKET] MT4 OUT: {"cmd":"breakout_up","symbol":"XAUUSD","risk":1,"id":"20250729013032668"}
[2025-07-29 01:30:41.290] [SOCKET] MT4 OUT: {"cmd":"breakout_up","symbol":"XAUUSD","risk":1,"id":"20250729013040365"}
[2025-07-29 01:32:44.057] [SOCKET] MT4 OUT: {"cmd":"breakout_up","symbol":"XAUUSD","risk":1,"id":"20250729013243089"}
[2025-07-29 01:32:58.034] [SOCKET] MT4 OUT: {"cmd":"breakout_up","symbol":"XAUUSD","risk":1,"id":"20250729013257403"}
[2025-07-29 01:33:25.865] [SOCKET] MT4 OUT: {"cmd":"breakout_down","symbol":"XAUUSD","risk":1,"id":"20250729013323804"}
[2025-07-29 01:33:38.713] [SOCKET] MT4 OUT: {"cmd":"breakout_up","symbol":"XAUUSD","risk":1,"id":"20250729013336997"}
[2025-07-29 01:34:23.570] [SOCKET] MT4 OUT: {"cmd":"breakout_up","symbol":"XAUUSD","risk":1,"id":"20250729012946284"}
[2025-07-29 01:34:29.828] [SOCKET] MT4 OUT: {"cmd":"breakout_down","symbol":"XAUUSD","risk":1,"id":"20250729012316189"}
[2025-07-29 01:35:21.650] [SOCKET] MT4 OUT: {"cmd":"breakout_down","symbol":"XAUUSD","risk":1,"id":"20250729013515678"}
[2025-07-29 01:35:21.704] [SOCKET] MT4 OUT: {"cmd":"breakout_down","symbol":"XAUUSD","risk":1,"id":"20250729013519460"}
[2025-07-29 01:35:42.034] [SOCKET] MT4 OUT: {"cmd":"breakout_up","symbol":"XAUUSD","risk":1,"id":"20250729013540023"}
[2025-07-29 01:35:57.258] [SOCKET] MT4 OUT: {"cmd":"breakout_up","symbol":"XAUUSD","risk":1,"id":"20250729013556021"}
[2025-07-29 01:36:03.393] [SOCKET] MT4 OUT: {"cmd":"breakout_down","symbol":"XAUUSD","risk":1,"id":"20250729013600574"}
[2025-07-29 01:36:09.537] [SOCKET] MT4 OUT: {"cmd":"breakout_down","symbol":"XAUUSD","risk":1,"id":"20250729013607501"}
[2025-07-29 01:36:14.658] [SOCKET] MT4 OUT: {"cmd":"breakout_down","symbol":"XAUUSD","risk":1,"id":"20250729013612607"}
[2025-07-29 01:36:43.553] [SOCKET] MT4 OUT: {"cmd":"breakout_up","symbol":"XAUUSD","risk":1,"id":"20250729013635180"}
[2025-07-29 01:36:43.608] [SOCKET] MT4 OUT: {"cmd":"breakout_up","symbol":"XAUUSD","risk":1,"id":"20250729013641598"}
[2025-07-29 01:37:06.280] [SOCKET] MT4 OUT: {"cmd":"breakout_up","symbol":"XAUUSD","risk":1,"id":"20250729013655611"}
[2025-07-29 01:37:06.351] [SOCKET] MT4 OUT: {"cmd":"breakout_up","symbol":"XAUUSD","risk":1,"id":"20250729013700525"}
[2025-07-29 01:37:06.418] [SOCKET] MT4 OUT: {"cmd":"breakout_up","symbol":"XAUUSD","risk":1,"id":"20250729013704073"}
[2025-07-29 01:37:16.594] [SOCKET] MT4 OUT: {"cmd":"breakout_up","symbol":"XAUUSD","risk":1,"id":"20250729013716495"}
[2025-07-29 01:37:25.922] [SOCKET] MT4 OUT: {"cmd":"breakout_up","symbol":"XAUUSD","risk":1,"id":"20250729013720442"}
[2025-07-29 01:37:34.333] [SOCKET] MT4 OUT: {"cmd":"breakout_up","symbol":"XAUUSD","risk":1,"id":"20250729013728492"}
[2025-07-29 01:37:34.388] [SOCKET] MT4 OUT: {"cmd":"breakout_up","symbol":"XAUUSD","risk":1,"id":"20250729013732358"}
[2025-07-29 01:37:40.638] [SOCKET] MT4 OUT: {"cmd":"breakout_down","symbol":"XAUUSD","risk":1,"id":"20250729013738840"}
[2025-07-29 01:37:50.990] [SOCKET] MT4 OUT: {"cmd":"breakout_up","symbol":"XAUUSD","risk":1,"id":"20250729013749151"}
[2025-07-29 01:38:03.455] [SOCKET] MT4 OUT: {"cmd":"breakout_up","symbol":"XAUUSD","risk":1,"id":"20250729013802280"}
[2025-07-29 01:38:34.154] [SOCKET] MT4 OUT: {"cmd":"close_positions","symbol":"XAUUSD.s"}
[2025-07-29 01:38:40.668] [SOCKET] MT4 OUT: {"cmd":"breakout_up","symbol":"XAUUSD","risk":1,"id":"20250729013839352"}
[2025-07-29 01:38:52.103] [SOCKET] MT4 OUT: {"cmd":"breakout_down","symbol":"XAUUSD","risk":1,"id":"20250729013846559"}
[2025-07-29 01:38:52.145] [SOCKET] MT4 OUT: {"cmd":"breakout_down","symbol":"XAUUSD","risk":1,"id":"20250729013851713"}
[2025-07-29 01:39:07.676] [SOCKET] MT4 OUT: {"cmd":"breakout_down","symbol":"XAUUSD","risk":1,"id":"20250729013906494"}
[2025-07-29 01:39:11.963] [SOCKET] MT4 OUT: {"cmd":"breakout_down","symbol":"XAUUSD","risk":1,"id":"20250729013910678"}
[2025-07-29 01:39:33.679] [SOCKET] MT4 OUT: {"cmd":"breakout_up","symbol":"XAUUSD","risk":1,"id":"20250729013931637"}
[2025-07-29 01:39:46.106] [SOCKET] MT4 OUT: {"cmd":"breakout_up","symbol":"XAUUSD","risk":1,"id":"20250729013945090"}
[2025-07-29 01:40:21.766] [SOCKET] MT4 OUT: {"cmd":"breakout_up","symbol":"XAUUSD","risk":1,"id":"20250729014020812"}
[2025-07-29 01:40:30.243] [SOCKET] MT4 OUT: {"cmd":"breakout_up","symbol":"XAUUSD","risk":1,"id":"20250729014029322"}
[2025-07-29 01:40:33.525] [SOCKET] MT4 OUT: {"cmd":"breakout_up","symbol":"XAUUSD","risk":1,"id":"20250729014032631"}
[2025-07-29 01:40:39.917] [SOCKET] MT4 OUT: {"cmd":"breakout_up","symbol":"XAUUSD","risk":1,"id":"20250729014038374"}
[2025-07-29 01:40:49.611] [SOCKET] MT4 OUT: {"cmd":"breakout_up","symbol":"XAUUSD","risk":1,"id":"20250729014043619"}
[2025-07-29 01:40:49.668] [SOCKET] MT4 OUT: {"cmd":"breakout_up","symbol":"XAUUSD","risk":1,"id":"20250729014047619"}
[2025-07-29 01:40:58.213] [SOCKET] MT4 OUT: {"cmd":"breakout_up","symbol":"XAUUSD","risk":1,"id":"20250729014057044"}
[2025-07-29 01:41:01.450] [SOCKET] MT4 OUT: {"cmd":"breakout_up","symbol":"XAUUSD","risk":1,"id":"20250729014101330"}
[2025-07-29 01:41:06.968] [SOCKET] MT4 OUT: {"cmd":"breakout_up","symbol":"XAUUSD","risk":1,"id":"20250729014105793"}
[2025-07-29 01:41:10.221] [SOCKET] MT4 OUT: {"cmd":"breakout_up","symbol":"XAUUSD","risk":1,"id":"20250729014110105"}
[2025-07-29 01:41:17.726] [SOCKET] MT4 OUT: {"cmd":"breakout_up","symbol":"XAUUSD","risk":1,"id":"20250729014115712"}
[2025-07-29 01:41:23.031] [SOCKET] MT4 OUT: {"cmd":"breakout_up","symbol":"XAUUSD","risk":1,"id":"20250729014122494"}
[2025-07-29 01:41:42.199] [SOCKET] MT4 OUT: {"cmd":"breakout_up","symbol":"XAUUSD","risk":1,"id":"20250729014136599"}
[2025-07-29 01:41:42.251] [SOCKET] MT4 OUT: {"cmd":"breakout_up","symbol":"XAUUSD","risk":1,"id":"20250729014140476"}
[2025-07-29 01:41:59.132] [SOCKET] MT4 OUT: {"cmd":"breakout_up","symbol":"XAUUSD","risk":1,"id":"20250729014157884"}
[2025-07-29 01:42:26.543] [SOCKET] MT4 OUT: {"cmd":"breakout_up","symbol":"XAUUSD","risk":1,"id":"20250729014004671"}
[2025-07-29 01:42:46.182] [SOCKET] MT4 OUT: {"cmd":"breakout_down","symbol":"XAUUSD","risk":1,"id":"20250729014245009"}
[2025-07-29 01:43:26.465] [SOCKET] MT4 OUT: {"cmd":"breakout_down","symbol":"XAUUSD","risk":1,"id":"20250729014325133"}
[2025-07-29 01:43:33.718] [SOCKET] MT4 OUT: {"cmd":"breakout_down","symbol":"XAUUSD","risk":1,"id":"20250729014332545"}
[2025-07-29 01:43:38.926] [SOCKET] MT4 OUT: {"cmd":"breakout_up","symbol":"XAUUSD","risk":1,"id":"20250729014337545"}
[2025-07-29 01:43:43.090] [SOCKET] MT4 OUT: {"cmd":"breakout_up","symbol":"XAUUSD","risk":1,"id":"20250729014342491"}
[2025-07-29 01:43:56.640] [SOCKET] MT4 OUT: {"cmd":"breakout_up","symbol":"XAUUSD","risk":1,"id":"20250729014355854"}
[2025-07-29 01:44:15.387] [SOCKET] MT4 OUT: {"cmd":"breakout_down","symbol":"XAUUSD","risk":1,"id":"20250729014414441"}
[2025-07-29 01:44:18.516] [SOCKET] MT4 OUT: {"cmd":"breakout_down","symbol":"XAUUSD","risk":1,"id":"20250729014418262"}
[2025-07-29 01:44:24.730] [SOCKET] MT4 OUT: {"cmd":"breakout_down","symbol":"XAUUSD","risk":1,"id":"20250729014423006"}
[2025-07-29 01:44:49.662] [SOCKET] MT4 OUT: {"cmd":"breakout_down","symbol":"XAUUSD","risk":1,"id":"20250729014449290"}
[2025-07-29 01:44:54.966] [SOCKET] MT4 OUT: {"cmd":"breakout_down","symbol":"XAUUSD","risk":1,"id":"20250729014453583"}
[2025-07-29 01:45:40.704] [SOCKET] MT4 OUT: {"cmd":"breakout_down","symbol":"XAUUSD","risk":1,"id":"20250729014539151"}
[2025-07-29 01:46:49.103] [SOCKET] MT4 OUT: {"cmd":"breakout_down","symbol":"XAUUSD","risk":1,"id":"20250729014648497"}
[2025-07-29 01:46:50.159] [SOCKET] MT4 OUT: {"cmd":"breakout_up","symbol":"XAUUSD","risk":1,"id":"20250729014643215"}
[2025-07-29 01:46:57.645] [SOCKET] MT4 OUT: {"cmd":"breakout_up","symbol":"XAUUSD","risk":1,"id":"20250729014656459"}
[2025-07-29 01:47:05.182] [SOCKET] MT4 OUT: {"cmd":"breakout_down","symbol":"XAUUSD","risk":1,"id":"20250729013724731"}
[2025-07-29 01:47:07.519] [SOCKET] MT4 OUT: {"cmd":"breakout_down","symbol":"XAUUSD","risk":1,"id":"20250729014703215"}
[2025-07-29 01:47:27.948] [SOCKET] MT4 OUT: {"cmd":"breakout_up","symbol":"XAUUSD","risk":1,"id":"20250729014722599"}
[2025-07-29 01:47:28.003] [SOCKET] MT4 OUT: {"cmd":"breakout_up","symbol":"XAUUSD","risk":1,"id":"20250729014726617"}
[2025-07-29 01:47:37.648] [SOCKET] MT4 OUT: {"cmd":"breakout_up","symbol":"XAUUSD","risk":1,"id":"20250729014736174"}
[2025-07-29 01:47:49.577] [SOCKET] MT4 OUT: {"cmd":"breakout_up","symbol":"XAUUSD","risk":1,"id":"20250729014743165"}
[2025-07-29 01:47:49.617] [SOCKET] MT4 OUT: {"cmd":"breakout_up","symbol":"XAUUSD","risk":1,"id":"20250729014747888"}
[2025-07-29 01:48:01.431] [SOCKET] MT4 OUT: {"cmd":"breakout_down","symbol":"XAUUSD","risk":1,"id":"20250729014759961"}
[2025-07-29 01:48:10.257] [SOCKET] MT4 OUT: {"cmd":"breakout_down","symbol":"XAUUSD","risk":1,"id":"20250729014809057"}
[2025-07-29 01:48:42.560] [SOCKET] MT4 OUT: {"cmd":"breakout_up","symbol":"XAUUSD","risk":1,"id":"20250729014837154"}
[2025-07-29 01:48:42.613] [SOCKET] MT4 OUT: {"cmd":"breakout_up","symbol":"XAUUSD","risk":1,"id":"20250729014840529"}
[2025-07-29 01:48:53.497] [SOCKET] MT4 OUT: {"cmd":"breakout_up","symbol":"XAUUSD","risk":1,"id":"20250729014851459"}
[2025-07-29 01:48:59.990] [SOCKET] MT4 OUT: {"cmd":"breakout_down","symbol":"XAUUSD","risk":1,"id":"20250729014858547"}
[2025-07-29 01:49:10.783] [SOCKET] MT4 OUT: {"cmd":"breakout_up","symbol":"XAUUSD","risk":1,"id":"20250729014909413"}
[2025-07-29 01:49:16.210] [SOCKET] MT4 OUT: {"cmd":"breakout_down","symbol":"XAUUSD","risk":1,"id":"20250729014914100"}
[2025-07-29 01:49:23.724] [SOCKET] MT4 OUT: {"cmd":"breakout_up","symbol":"XAUUSD","risk":1,"id":"20250729014922942"}
[2025-07-29 01:49:30.332] [SOCKET] MT4 OUT: {"cmd":"breakout_down","symbol":"XAUUSD","risk":1,"id":"20250729014929124"}
[2025-07-29 01:50:54.148] [SOCKET] MT4 OUT: {"cmd":"breakout_up","symbol":"XAUUSD","risk":1,"id":"20250729014710390"}
[2025-07-29 01:50:54.208] [SOCKET] MT4 OUT: {"cmd":"breakout_up","symbol":"XAUUSD","risk":1,"id":"20250729015042995"}
[2025-07-29 01:51:48.007] [SOCKET] MT4 OUT: {"cmd":"breakout_up","symbol":"XAUUSD","risk":1,"id":"20250729015146988"}
[2025-07-29 01:52:00.170] [SOCKET] MT4 OUT: {"cmd":"breakout_down","symbol":"XAUUSD","risk":1,"id":"20250729015158930"}
[2025-07-29 01:52:06.695] [SOCKET] MT4 OUT: {"cmd":"breakout_down","symbol":"XAUUSD","risk":1,"id":"20250729015204937"}
[2025-07-29 01:52:12.113] [SOCKET] MT4 OUT: {"cmd":"breakout_up","symbol":"XAUUSD","risk":1,"id":"20250729015211180"}
[2025-07-29 01:52:17.552] [SOCKET] MT4 OUT: {"cmd":"breakout_down","symbol":"XAUUSD","risk":1,"id":"20250729015216181"}
[2025-07-29 01:52:21.882] [SOCKET] MT4 OUT: {"cmd":"breakout_up","symbol":"XAUUSD","risk":1,"id":"20250729015220442"}
[2025-07-29 01:55:03.663] [SOCKET] MT4 OUT: {"cmd":"breakout_up","symbol":"XAUUSD","risk":1,"id":"20250729015309192"}
[2025-07-29 01:57:57.026] [SOCKET] MT4 OUT: {"cmd":"breakout_down","symbol":"XAUUSD","risk":1,"id":"20250729015755207"}
[2025-07-29 01:58:10.549] [SOCKET] MT4 OUT: {"cmd":"breakout_up","symbol":"XAUUSD","risk":1,"id":"20250729015808819"}
[2025-07-29 01:58:20.799] [SOCKET] MT4 OUT: {"cmd":"breakout_up","symbol":"XAUUSD","risk":1,"id":"20250729015818042"}
[2025-07-29 01:58:28.833] [SOCKET] MT4 OUT: {"cmd":"breakout_up","symbol":"XAUUSD","risk":1,"id":"20250729015827636"}
[2025-07-29 01:58:38.953] [SOCKET] MT4 OUT: {"cmd":"breakout_down","symbol":"XAUUSD","risk":1,"id":"20250729015836812"}
[2025-07-29 01:58:40.095] [SOCKET] MT4 OUT: {"cmd":"breakout_down","symbol":"XAUUSD","risk":1,"id":"20250729015838958"}
[2025-07-29 01:58:43.493] [SOCKET] MT4 OUT: {"cmd":"breakout_down","symbol":"XAUUSD","risk":1,"id":"20250729015843276"}
[2025-07-29 01:58:49.091] [SOCKET] MT4 OUT: {"cmd":"breakout_down","symbol":"XAUUSD","risk":1,"id":"20250729015848788"}
[2025-07-29 01:59:05.143] [SOCKET] MT4 OUT: {"cmd":"breakout_down","symbol":"XAUUSD","risk":1,"id":"20250729015903944"}
[2025-07-29 01:59:06.293] [SOCKET] MT4 OUT: {"cmd":"breakout_down","symbol":"XAUUSD","risk":1,"id":"20250729015900501"}
[2025-07-29 01:59:13.030] [SOCKET] MT4 OUT: {"cmd":"breakout_down","symbol":"XAUUSD","risk":1,"id":"20250729015910216"}
[2025-07-29 01:59:16.516] [SOCKET] MT4 OUT: {"cmd":"breakout_down","symbol":"XAUUSD","risk":1,"id":"20250729015915909"}
[2025-07-29 01:59:21.175] [SOCKET] MT4 OUT: {"cmd":"breakout_down","symbol":"XAUUSD","risk":1,"id":"20250729015919922"}
[2025-07-29 01:59:25.682] [SOCKET] MT4 OUT: {"cmd":"breakout_down","symbol":"XAUUSD","risk":1,"id":"20250729015924112"}
[2025-07-29 01:59:29.064] [SOCKET] MT4 OUT: {"cmd":"breakout_down","symbol":"XAUUSD","risk":1,"id":"20250729015928709"}
[2025-07-29 01:59:33.632] [SOCKET] MT4 OUT: {"cmd":"breakout_down","symbol":"XAUUSD","risk":1,"id":"20250729015932449"}
[2025-07-29 01:59:40.692] [SOCKET] MT4 OUT: {"cmd":"breakout_down","symbol":"XAUUSD","risk":1,"id":"20250729015936153"}
[2025-07-29 01:59:40.751] [SOCKET] MT4 OUT: {"cmd":"breakout_down","symbol":"XAUUSD","risk":1,"id":"20250729015939433"}
[2025-07-29 01:59:45.273] [SOCKET] MT4 OUT: {"cmd":"breakout_down","symbol":"XAUUSD","risk":1,"id":"20250729015943671"}
[2025-07-29 02:00:55.668] [SOCKET] MT4 OUT: {"cmd":"breakout_down","symbol":"XAUUSD","risk":1,"id":"20250729020054052"}
[2025-07-29 02:01:02.400] [SOCKET] MT4 OUT: {"cmd":"breakout_up","symbol":"XAUUSD","risk":1,"id":"20250729020101250"}
[2025-07-29 02:01:32.224] [SOCKET] MT4 OUT: {"cmd":"breakout_up","symbol":"XAUUSD","risk":1,"id":"20250729020113350"}
[2025-07-29 02:01:32.292] [SOCKET] MT4 OUT: {"cmd":"breakout_up","symbol":"XAUUSD","risk":1,"id":"20250729020120008"}
[2025-07-29 02:01:32.341] [SOCKET] MT4 OUT: {"cmd":"breakout_down","symbol":"XAUUSD","risk":1,"id":"20250729020128064"}
[2025-07-29 02:01:40.232] [SOCKET] MT4 OUT: {"cmd":"breakout_down","symbol":"XAUUSD","risk":1,"id":"20250729020138935"}
[2025-07-29 02:01:48.138] [SOCKET] MT4 OUT: {"cmd":"breakout_up","symbol":"XAUUSD","risk":1,"id":"20250729020146918"}
[2025-07-29 02:01:55.986] [SOCKET] MT4 OUT: {"cmd":"breakout_up","symbol":"XAUUSD","risk":1,"id":"20250729020155242"}
[2025-07-29 02:02:05.014] [SOCKET] MT4 OUT: {"cmd":"breakout_down","symbol":"XAUUSD","risk":1,"id":"20250729020204099"}
[2025-07-29 02:02:10.888] [SOCKET] MT4 OUT: {"cmd":"breakout_up","symbol":"XAUUSD","risk":1,"id":"20250729020208848"}
[2025-07-29 02:02:17.708] [SOCKET] MT4 OUT: {"cmd":"breakout_down","symbol":"XAUUSD","risk":1,"id":"20250729020212665"}
[2025-07-29 02:02:17.759] [SOCKET] MT4 OUT: {"cmd":"breakout_down","symbol":"XAUUSD","risk":1,"id":"20250729020216272"}
[2025-07-29 02:02:44.772] [SOCKET] MT4 OUT: {"cmd":"breakout_down","symbol":"XAUUSD","risk":1,"id":"20250729020242898"}
[2025-07-29 02:03:15.481] [SOCKET] MT4 OUT: {"cmd":"breakout_down","symbol":"XAUUSD","risk":1,"id":"20250729020313170"}
[2025-07-29 02:05:11.956] [SOCKET] MT4 OUT: {"cmd":"breakout_down","symbol":"XAUUSD","risk":1,"id":"20250729020510695"}
[2025-07-29 02:07:30.537] [SOCKET] MT4 OUT: {"cmd":"breakout_down","symbol":"XAUUSD","risk":1,"id":"20250729020720838"}
[2025-07-29 02:07:30.617] [SOCKET] MT4 OUT: {"cmd":"breakout_down","symbol":"XAUUSD","risk":1,"id":"20250729020728691"}
[2025-07-29 02:07:42.051] [SOCKET] MT4 OUT: {"cmd":"breakout_up","symbol":"XAUUSD","risk":1,"id":"20250729020740763"}
[2025-07-29 02:08:02.437] [SOCKET] MT4 OUT: {"cmd":"breakout_up","symbol":"XAUUSD","risk":1,"id":"20250729020800835"}
[2025-07-29 02:08:09.328] [SOCKET] MT4 OUT: {"cmd":"breakout_down","symbol":"XAUUSD","risk":1,"id":"20250729020807902"}
[2025-07-29 02:08:19.539] [SOCKET] MT4 OUT: {"cmd":"breakout_down","symbol":"XAUUSD","risk":1,"id":"20250729020819217"}
[2025-07-29 02:08:53.315] [SOCKET] MT4 OUT: {"cmd":"breakout_up","symbol":"XAUUSD","risk":1,"id":"20250729020851180"}
[2025-07-29 02:09:05.508] [SOCKET] MT4 OUT: {"cmd":"breakout_up","symbol":"XAUUSD","risk":1,"id":"20250729020903561"}
[2025-07-29 02:09:12.742] [SOCKET] MT4 OUT: {"cmd":"breakout_up","symbol":"XAUUSD","risk":1,"id":"20250729020845425"}
[2025-07-29 02:09:12.789] [SOCKET] MT4 OUT: {"cmd":"breakout_up","symbol":"XAUUSD","risk":1,"id":"20250729020856988"}
[2025-07-29 02:10:44.065] [SOCKET] MT4 OUT: {"cmd":"breakout_down","symbol":"XAUUSD","risk":1,"id":"20250729021042437"}
[2025-07-29 02:10:49.913] [SOCKET] MT4 OUT: {"cmd":"breakout_down","symbol":"XAUUSD","risk":1,"id":"20250729021048304"}
[2025-07-29 02:10:56.927] [SOCKET] MT4 OUT: {"cmd":"breakout_up","symbol":"XAUUSD","risk":1,"id":"20250729021055458"}
[2025-07-29 02:11:03.939] [SOCKET] MT4 OUT: {"cmd":"breakout_up","symbol":"XAUUSD","risk":1,"id":"20250729021102522"}
[2025-07-29 02:11:15.735] [SOCKET] MT4 OUT: {"cmd":"breakout_down","symbol":"XAUUSD","risk":1,"id":"20250729021114059"}
[2025-07-29 02:11:41.334] [SOCKET] MT4 OUT: {"cmd":"breakout_down","symbol":"XAUUSD","risk":1,"id":"20250729021140683"}
[2025-07-29 02:11:48.338] [SOCKET] MT4 OUT: {"cmd":"breakout_up","symbol":"XAUUSD","risk":1,"id":"20250729021147679"}
[2025-07-29 02:12:16.920] [SOCKET] MT4 OUT: {"cmd":"breakout_up","symbol":"XAUUSD","risk":1,"id":"20250729021208947"}
[2025-07-29 02:12:16.991] [SOCKET] MT4 OUT: {"cmd":"breakout_up","symbol":"XAUUSD","risk":1,"id":"20250729021214771"}
[2025-07-29 02:16:36.022] [SOCKET] MT4 OUT: {"cmd":"breakout_down","symbol":"USDJPY","risk":1,"id":"20250729021628671"}
[2025-07-29 02:16:36.076] [SOCKET] MT4 OUT: {"cmd":"breakout_down","symbol":"USDJPY","risk":1,"id":"20250729021634814"}
[2025-07-29 02:19:09.155] [SOCKET] MT4 OUT: {"cmd":"breakout_down","symbol":"USDJPY","risk":1,"id":"20250729021905496"}
[2025-07-29 02:21:33.967] [SOCKET] MT4 OUT: {"cmd":"breakout_down","symbol":"USDJPY","risk":1,"id":"20250729022126533"}
[2025-07-29 02:21:34.006] [SOCKET] MT4 OUT: {"cmd":"breakout_down","symbol":"USDJPY","risk":1,"id":"20250729022132258"}
[2025-07-29 02:24:35.935] [SOCKET] MT4 OUT: {"cmd":"breakout_up","symbol":"USDJPY","risk":1,"id":"20250729022434145"}
[2025-07-29 02:25:56.168] [SOCKET] MT4 OUT: {"cmd":"breakout_up","symbol":"USDJPY","risk":1,"id":"20250729022554060"}
[2025-07-29 02:26:02.126] [SOCKET] MT4 OUT: {"cmd":"breakout_up","symbol":"USDJPY","risk":1,"id":"20250729022559999"}
[2025-07-29 02:26:14.092] [SOCKET] MT4 OUT: {"cmd":"breakout_down","symbol":"USDJPY","risk":1,"id":"20250729022606123"}
[2025-07-29 02:26:14.136] [SOCKET] MT4 OUT: {"cmd":"breakout_down","symbol":"USDJPY","risk":1,"id":"20250729022612289"}
[2025-07-29 02:26:33.703] [SOCKET] MT4 OUT: {"cmd":"breakout_down","symbol":"USDJPY","risk":1,"id":"20250729022617686"}
[2025-07-29 02:26:33.753] [SOCKET] MT4 OUT: {"cmd":"breakout_down","symbol":"USDJPY","risk":1,"id":"20250729022624607"}
[2025-07-29 02:26:33.811] [SOCKET] MT4 OUT: {"cmd":"breakout_down","symbol":"USDJPY","risk":1,"id":"20250729022632505"}
[2025-07-29 02:26:47.024] [SOCKET] MT4 OUT: {"cmd":"breakout_down","symbol":"USDJPY","risk":1,"id":"20250729022640299"}
[2025-07-29 02:26:47.061] [SOCKET] MT4 OUT: {"cmd":"breakout_down","symbol":"USDJPY","risk":1,"id":"20250729022645156"}
[2025-07-29 02:26:50.651] [SOCKET] MT4 OUT: {"cmd":"breakout_down","symbol":"USDJPY","risk":1,"id":"20250729022649987"}
[2025-07-29 02:26:54.206] [SOCKET] MT4 OUT: {"cmd":"breakout_down","symbol":"USDJPY","risk":1,"id":"20250729022653754"}
[2025-07-29 02:27:00.163] [SOCKET] MT4 OUT: {"cmd":"breakout_down","symbol":"USDJPY","risk":1,"id":"20250729022659641"}
[2025-07-29 02:27:12.040] [SOCKET] MT4 OUT: {"cmd":"breakout_down","symbol":"USDJPY","risk":1,"id":"20250729022710745"}
[2025-07-29 02:27:20.208] [SOCKET] MT4 OUT: {"cmd":"close_positions","symbol":"USDJPY.s"}
[2025-07-29 02:27:40.370] [SOCKET] MT4 OUT: {"cmd":"breakout_up","symbol":"USDJPY","risk":1,"id":"20250729022738422"}
[2025-07-29 02:27:45.459] [SOCKET] MT4 OUT: {"cmd":"breakout_down","symbol":"USDJPY","risk":1,"id":"20250729022743445"}
[2025-07-29 02:27:46.707] [SOCKET] MT4 OUT: {"cmd":"breakout_down","symbol":"USDJPY","risk":1,"id":"20250729022745285"}
[2025-07-29 02:27:53.893] [SOCKET] MT4 OUT: {"cmd":"breakout_up","symbol":"USDJPY","risk":1,"id":"20250729022751753"}
[2025-07-29 02:28:04.680] [SOCKET] MT4 OUT: {"cmd":"breakout_up","symbol":"USDJPY","risk":1,"id":"20250729022802573"}
[2025-07-29 02:29:02.063] [SOCKET] MT4 OUT: {"cmd":"breakout_up","symbol":"USDJPY","risk":1,"id":"20250729022900053"}
[2025-07-29 02:29:28.240] [SOCKET] MT4 OUT: {"cmd":"breakout_down","symbol":"USDJPY","risk":1,"id":"20250729022923149"}
[2025-07-29 02:29:28.282] [SOCKET] MT4 OUT: {"cmd":"breakout_down","symbol":"USDJPY","risk":1,"id":"20250729022926620"}
[2025-07-29 02:29:32.007] [SOCKET] MT4 OUT: {"cmd":"breakout_up","symbol":"USDJPY","risk":1,"id":"20250729022930624"}
[2025-07-29 02:29:35.689] [SOCKET] MT4 OUT: {"cmd":"breakout_up","symbol":"USDJPY","risk":1,"id":"20250729022934364"}
[2025-07-29 02:29:47.001] [SOCKET] MT4 OUT: {"cmd":"breakout_up","symbol":"USDJPY","risk":1,"id":"20250729022945058"}
[2025-07-29 02:29:53.268] [SOCKET] MT4 OUT: {"cmd":"breakout_down","symbol":"USDJPY","risk":1,"id":"20250729022952682"}
[2025-07-29 02:31:16.051] [SOCKET] MT4 OUT: {"cmd":"breakout_up","symbol":"USDJPY","risk":1,"id":"20250729023114052"}
[2025-07-29 02:32:34.019] [SOCKET] MT4 OUT: {"cmd":"breakout_down","symbol":"USDJPY","risk":1,"id":"20250729022854459"}
[2025-07-29 02:32:49.859] [SOCKET] MT4 OUT: {"cmd":"breakout_up","symbol":"USDJPY","risk":1,"id":"20250729022938687"}
[2025-07-29 02:33:43.106] [SOCKET] MT4 OUT: {"cmd":"breakout_up","symbol":"USDJPY","risk":1,"id":"20250729023341938"}
[2025-07-29 02:33:49.099] [SOCKET] MT4 OUT: {"cmd":"breakout_up","symbol":"USDJPY","risk":1,"id":"20250729023346874"}
[2025-07-29 02:33:52.689] [SOCKET] MT4 OUT: {"cmd":"breakout_down","symbol":"USDJPY","risk":1,"id":"20250729023351530"}
[2025-07-29 02:33:58.666] [SOCKET] MT4 OUT: {"cmd":"breakout_up","symbol":"USDJPY","risk":1,"id":"20250729023357364"}
[2025-07-29 02:34:11.922] [SOCKET] MT4 OUT: {"cmd":"breakout_up","symbol":"USDJPY","risk":1,"id":"20250729023406625"}
[2025-07-29 02:34:11.977] [SOCKET] MT4 OUT: {"cmd":"breakout_up","symbol":"USDJPY","risk":1,"id":"20250729023410632"}
[2025-07-29 02:39:28.750] [SOCKET] MT4 OUT: {"cmd":"close_positions","symbol":"USDJPY.s"}
[2025-07-29 02:39:42.712] [SOCKET] MT4 OUT: {"cmd":"close_positions","symbol":"XAUUSD.s"}
[2025-07-29 02:39:50.215] [SOCKET] MT4 OUT: {"cmd":"close_positions","symbol":"XAUUSD.s"}
[2025-07-29 02:40:04.126] [SOCKET] MT4 OUT: {"cmd":"close_positions","symbol":"XAUUSD.s"}
[2025-07-29 02:40:16.510] [SOCKET] MT4 OUT: {"cmd":"close_positions","symbol":"XAUUSD.s"}
[2025-07-29 02:41:59.732] [SOCKET] MT4 OUT: {"cmd":"close_positions","symbol":"XAUUSD.s"}
[2025-07-30 15:34:35.433] [SOCKET] MT4 OUT: {"cmd":"breakout_down","symbol":"XAUUSD","risk":1,"id":"20250730153433598"}
[2025-07-30 15:43:31.007] [SOCKET] MT4 OUT: {"cmd":"breakout_down","symbol":"XAUUSD","risk":1,"id":"20250730154329214"}
[2025-07-30 15:43:56.092] [SOCKET] MT4 OUT: {"cmd":"breakout_down","symbol":"GBPJPY","risk":1,"id":"20250730154023197"}
[2025-07-30 15:44:24.843] [SOCKET] MT4 OUT: {"cmd":"breakout_down","symbol":"XAUUSD","risk":1,"id":"20250730154423450"}
[2025-07-30 15:45:02.148] [SOCKET] MT4 OUT: {"cmd":"breakout_down","symbol":"XAUUSD","risk":1,"id":"20250730154448641"}
[2025-07-30 15:48:41.568] [SOCKET] MT4 OUT: {"cmd":"close_positions","symbol":"XAUUSD.s"}
[2025-07-30 16:09:47.790] [SOCKET] MT4 OUT: {"cmd":"breakout_down","symbol":"XAUUSD","risk":1,"id":"20250730160921848"}
