[2025-08-04 10:48:41.325] [INFO] Price display panel hidden
[2025-08-04 10:48:43.661] [INFO] Price display panel hidden
[2025-08-04 10:48:43.829] [INFO] Price display panel hidden
[2025-08-04 10:48:43.981] [INFO] Price display panel hidden
[2025-08-04 10:48:45.853] [INFO] Price display panel hidden
[2025-08-04 10:48:45.997] [INFO] Price display panel hidden
[2025-08-04 10:48:48.464] [INFO] SetEntryLevel called: 195,87494 for GBPJPY
[2025-08-04 10:48:48.464] [INFO] Price display updated: Entry=195,87494, StopLoss=0,00000, TradeType=Waiting for Stop Loss
[2025-08-04 10:48:48.464] [INFO] Entry Level set successfully: 195,87494 for GBPJPY
[2025-08-04 10:49:10.074] [INFO] SetEntryLevel called: 196,18462 for GBPJPY
[2025-08-04 10:49:10.075] [INFO] Price display updated: Entry=196,18462, StopLoss=0,00000, TradeType=Waiting for Stop Loss
[2025-08-04 10:49:10.075] [INFO] Entry Level set successfully: 196,18462 for GBPJPY
[2025-08-04 10:49:28.069] [INFO] Price display panel hidden
[2025-08-04 10:49:42.295] [INFO] SetEntryLevel called: 196,93463 for GBPJPY
[2025-08-04 10:49:42.295] [INFO] Price display updated: Entry=196,93463, StopLoss=0,00000, TradeType=Waiting for Stop Loss
[2025-08-04 10:49:42.295] [INFO] Entry Level set successfully: 196,93463 for GBPJPY
[2025-08-04 10:50:38.102] [INFO] SetSymbol called for GBPJPY, current broker: Forex
[2025-08-04 10:50:38.103] [INFO] Skipping open symbol command - Forex broker selected
[2025-08-04 10:50:38.103] [INFO] OrderSummary panel hidden
[2025-08-04 10:50:38.104] [INFO] Price display panel hidden
[2025-08-04 10:50:38.104] [INFO] Loaded settings for HandleID 394144: Risk=1, Duration=2, Broker=Forex
[2025-08-04 10:50:38.104] [INFO] SetSymbol called for GBPJPY, current broker: Forex
[2025-08-04 10:50:38.105] [INFO] Skipping open symbol command - Forex broker selected
[2025-08-04 10:50:38.105] [INFO] OrderSummary panel hidden
[2025-08-04 10:50:38.105] [INFO] Price display panel hidden
[2025-08-04 10:50:38.106] [INFO] Loaded settings for HandleID 394144: Risk=1, Duration=2, Broker=Forex
[2025-08-04 10:50:38.142] [INFO] SetSymbol called for GBPJPY, current broker: Forex
[2025-08-04 10:50:38.142] [INFO] Skipping open symbol command - Forex broker selected
[2025-08-04 10:50:38.142] [INFO] OrderSummary panel hidden
[2025-08-04 10:50:38.142] [INFO] Price display panel hidden
[2025-08-04 10:50:38.143] [INFO] Loaded settings for HandleID 395356: Risk=1, Duration=2, Broker=Forex
[2025-08-04 10:50:38.143] [INFO] SetSymbol called for GBPJPY, current broker: Forex
[2025-08-04 10:50:38.143] [INFO] Skipping open symbol command - Forex broker selected
[2025-08-04 10:50:38.143] [INFO] OrderSummary panel hidden
[2025-08-04 10:50:38.143] [INFO] Price display panel hidden
[2025-08-04 10:50:38.143] [INFO] Loaded settings for HandleID 395356: Risk=1, Duration=2, Broker=Forex
[2025-08-04 10:51:27.539] [INFO] Price display panel hidden
[2025-08-04 10:51:27.707] [INFO] Price display panel hidden
[2025-08-04 10:51:57.259] [INFO] Price display panel hidden
[2025-08-04 10:51:57.403] [INFO] Price display panel hidden
[2025-08-04 10:52:36.994] [INFO] Price display panel hidden
[2025-08-04 10:52:37.146] [INFO] Price display panel hidden
[2025-08-04 10:53:13.762] [INFO] Price display panel hidden
[2025-08-04 10:53:13.938] [INFO] Price display panel hidden
[2025-08-04 10:53:41.937] [INFO] Price display panel hidden
[2025-08-04 10:53:46.321] [INFO] Price display panel hidden
[2025-08-04 10:53:46.458] [INFO] Price display panel hidden
[2025-08-04 10:53:48.761] [INFO] Price display panel hidden
[2025-08-04 10:53:48.921] [INFO] Price display panel hidden
[2025-08-04 10:53:50.705] [INFO] Price display panel hidden
[2025-08-04 10:53:50.857] [INFO] Price display panel hidden
[2025-08-04 10:54:11.646] [INFO] TradingToolbar instance 11 created
[2025-08-04 10:54:11.647] [INFO] ToolbarSettingsManager initialized successfully
[2025-08-04 10:54:11.647] [INFO] ToastNotifyService initialized successfully
[2025-08-04 10:54:11.797] [INFO] Loaded settings for HandleID 197108: Risk=1, Duration=2, Broker=Forex
[2025-08-04 10:54:12.457] [INFO] Price display panel hidden
[2025-08-04 10:55:03.643] [INFO] SetSymbol called for GBPJPY, current broker: Forex
[2025-08-04 10:55:03.643] [INFO] Skipping open symbol command - Forex broker selected
[2025-08-04 10:55:03.643] [INFO] OrderSummary panel hidden
[2025-08-04 10:55:03.643] [INFO] Price display panel hidden
[2025-08-04 10:55:03.644] [INFO] Loaded settings for HandleID 394144: Risk=1, Duration=2, Broker=Forex
[2025-08-04 10:55:03.644] [INFO] SetSymbol called for GBPJPY, current broker: Forex
[2025-08-04 10:55:03.644] [INFO] Skipping open symbol command - Forex broker selected
[2025-08-04 10:55:03.644] [INFO] OrderSummary panel hidden
[2025-08-04 10:55:03.644] [INFO] Price display panel hidden
[2025-08-04 10:55:03.644] [INFO] Loaded settings for HandleID 394144: Risk=1, Duration=2, Broker=Forex
[2025-08-04 11:16:44.160] [INFO] TradingToolbar instance 1 created
[2025-08-04 11:16:44.161] [INFO] ToolbarSettingsManager initialized successfully
[2025-08-04 11:16:44.161] [INFO] ToastNotifyService initialized successfully
[2025-08-04 11:16:44.173] [INFO] SetSymbol called for UNKNOWN, current broker: Forex
[2025-08-04 11:16:44.174] [INFO] Skipping open symbol command - Forex broker selected
[2025-08-04 11:16:44.174] [INFO] OrderSummary panel hidden
[2025-08-04 11:16:44.174] [INFO] Price display panel hidden
[2025-08-04 11:16:44.548] [INFO] SetSymbol called for UNKNOWN, current broker: Forex
[2025-08-04 11:16:44.549] [INFO] Skipping open symbol command - Forex broker selected
[2025-08-04 11:16:44.549] [INFO] OrderSummary panel hidden
[2025-08-04 11:16:44.549] [INFO] Price display panel hidden
[2025-08-04 11:16:44.549] [INFO] SetSymbol called for UNKNOWN, current broker: Forex
[2025-08-04 11:16:44.550] [INFO] Skipping open symbol command - Forex broker selected
[2025-08-04 11:16:44.550] [INFO] OrderSummary panel hidden
[2025-08-04 11:16:44.550] [INFO] Price display panel hidden
[2025-08-04 11:16:45.723] [INFO] SetSymbol called for GBPJPY, current broker: Forex
[2025-08-04 11:16:45.723] [INFO] Skipping open symbol command - Forex broker selected
[2025-08-04 11:16:45.724] [INFO] OrderSummary panel hidden
[2025-08-04 11:16:45.724] [INFO] Price display panel hidden
[2025-08-04 11:16:45.725] [INFO] Created default settings for HandleID 395356: Risk=1, Duration=2, Broker=Forex
[2025-08-04 11:16:45.726] [INFO] SetSymbol called for GBPJPY, current broker: Forex
[2025-08-04 11:16:45.726] [INFO] Skipping open symbol command - Forex broker selected
[2025-08-04 11:16:45.726] [INFO] OrderSummary panel hidden
[2025-08-04 11:16:45.727] [INFO] Price display panel hidden
[2025-08-04 11:16:45.727] [INFO] Loaded settings for HandleID 395356: Risk=1, Duration=2, Broker=Forex
[2025-08-04 11:16:56.747] [INFO] Price display panel hidden
[2025-08-04 11:16:56.748] [INFO] Price display panel hidden
[2025-08-04 11:16:59.706] [INFO] Price display panel hidden
[2025-08-04 11:16:59.708] [INFO] Price display panel hidden
[2025-08-04 11:17:02.681] [INFO] Price display panel hidden
[2025-08-04 11:17:02.682] [INFO] Price display panel hidden
[2025-08-04 11:18:59.403] [INFO] SetSymbol called for GBPJPY, current broker: Forex
[2025-08-04 11:18:59.403] [INFO] Skipping open symbol command - Forex broker selected
[2025-08-04 11:18:59.404] [INFO] OrderSummary panel hidden
[2025-08-04 11:18:59.404] [INFO] Price display panel hidden
[2025-08-04 11:18:59.404] [INFO] Created default settings for HandleID 394144: Risk=1, Duration=2, Broker=Forex
[2025-08-04 11:18:59.404] [INFO] SetSymbol called for GBPJPY, current broker: Forex
[2025-08-04 11:18:59.404] [INFO] Skipping open symbol command - Forex broker selected
[2025-08-04 11:18:59.404] [INFO] OrderSummary panel hidden
[2025-08-04 11:18:59.405] [INFO] Price display panel hidden
[2025-08-04 11:18:59.405] [INFO] Loaded settings for HandleID 394144: Risk=1, Duration=2, Broker=Forex
[2025-08-04 11:18:59.424] [INFO] SetSymbol called for GBPJPY, current broker: Forex
[2025-08-04 11:18:59.425] [INFO] Skipping open symbol command - Forex broker selected
[2025-08-04 11:18:59.425] [INFO] OrderSummary panel hidden
[2025-08-04 11:18:59.425] [INFO] Price display panel hidden
[2025-08-04 11:18:59.425] [INFO] Loaded settings for HandleID 395356: Risk=1, Duration=2, Broker=Forex
[2025-08-04 11:18:59.425] [INFO] SetSymbol called for GBPJPY, current broker: Forex
[2025-08-04 11:18:59.426] [INFO] Skipping open symbol command - Forex broker selected
[2025-08-04 11:18:59.426] [INFO] OrderSummary panel hidden
[2025-08-04 11:18:59.426] [INFO] Price display panel hidden
[2025-08-04 11:18:59.426] [INFO] Loaded settings for HandleID 395356: Risk=1, Duration=2, Broker=Forex
[2025-08-04 11:19:01.650] [INFO] SetSymbol called for GBPJPY, current broker: Forex
[2025-08-04 11:19:01.650] [INFO] Skipping open symbol command - Forex broker selected
[2025-08-04 11:19:01.651] [INFO] OrderSummary panel hidden
[2025-08-04 11:19:01.651] [INFO] Price display panel hidden
[2025-08-04 11:19:01.651] [INFO] Loaded settings for HandleID 394144: Risk=1, Duration=2, Broker=Forex
[2025-08-04 11:19:01.651] [INFO] SetSymbol called for GBPJPY, current broker: Forex
[2025-08-04 11:19:01.651] [INFO] Skipping open symbol command - Forex broker selected
[2025-08-04 11:19:01.651] [INFO] OrderSummary panel hidden
[2025-08-04 11:19:01.651] [INFO] Price display panel hidden
[2025-08-04 11:19:01.652] [INFO] Loaded settings for HandleID 394144: Risk=1, Duration=2, Broker=Forex
[2025-08-04 11:19:03.099] [INFO] SetSymbol called for GBPJPY, current broker: Forex
[2025-08-04 11:19:03.099] [INFO] Skipping open symbol command - Forex broker selected
[2025-08-04 11:19:03.099] [INFO] OrderSummary panel hidden
[2025-08-04 11:19:03.099] [INFO] Price display panel hidden
[2025-08-04 11:19:03.099] [INFO] Loaded settings for HandleID 395356: Risk=1, Duration=2, Broker=Forex
[2025-08-04 11:19:03.100] [INFO] SetSymbol called for GBPJPY, current broker: Forex
[2025-08-04 11:19:03.100] [INFO] Skipping open symbol command - Forex broker selected
[2025-08-04 11:19:03.100] [INFO] OrderSummary panel hidden
[2025-08-04 11:19:03.100] [INFO] Price display panel hidden
[2025-08-04 11:19:03.100] [INFO] Loaded settings for HandleID 395356: Risk=1, Duration=2, Broker=Forex
[2025-08-04 11:19:12.506] [INFO] SetSymbol called for GBPJPY, current broker: Forex
[2025-08-04 11:19:12.516] [INFO] Skipping open symbol command - Forex broker selected
[2025-08-04 11:19:12.516] [INFO] OrderSummary panel hidden
[2025-08-04 11:19:12.516] [INFO] Price display panel hidden
[2025-08-04 11:19:12.517] [INFO] Loaded settings for HandleID 394144: Risk=1, Duration=2, Broker=Forex
[2025-08-04 11:19:12.517] [INFO] SetSymbol called for GBPJPY, current broker: Forex
[2025-08-04 11:19:12.517] [INFO] Skipping open symbol command - Forex broker selected
[2025-08-04 11:19:12.517] [INFO] OrderSummary panel hidden
[2025-08-04 11:19:12.517] [INFO] Price display panel hidden
[2025-08-04 11:19:12.517] [INFO] Loaded settings for HandleID 394144: Risk=1, Duration=2, Broker=Forex
[2025-08-04 11:19:18.903] [INFO] Price display panel hidden
[2025-08-04 11:19:18.904] [INFO] Price display panel hidden
[2025-08-04 11:19:22.688] [INFO] Price display panel hidden
[2025-08-04 11:19:22.690] [INFO] Price display panel hidden
[2025-08-04 11:19:27.562] [INFO] SetSymbol called for GBPJPY, current broker: Forex
[2025-08-04 11:19:27.562] [INFO] Skipping open symbol command - Forex broker selected
[2025-08-04 11:19:27.563] [INFO] OrderSummary panel hidden
[2025-08-04 11:19:27.563] [INFO] Price display panel hidden
[2025-08-04 11:19:27.563] [INFO] Loaded settings for HandleID 395356: Risk=1, Duration=2, Broker=Forex
[2025-08-04 11:19:27.563] [INFO] SetSymbol called for GBPJPY, current broker: Forex
[2025-08-04 11:19:27.563] [INFO] Skipping open symbol command - Forex broker selected
[2025-08-04 11:19:27.564] [INFO] OrderSummary panel hidden
[2025-08-04 11:19:27.564] [INFO] Price display panel hidden
[2025-08-04 11:19:27.564] [INFO] Loaded settings for HandleID 395356: Risk=1, Duration=2, Broker=Forex
[2025-08-04 11:22:05.474] [INFO] TradingToolbar instance 1 created
[2025-08-04 11:22:05.475] [INFO] ToolbarSettingsManager initialized successfully
[2025-08-04 11:22:05.476] [INFO] ToastNotifyService initialized successfully
[2025-08-04 11:22:05.491] [INFO] SetSymbol called for UNKNOWN, current broker: Forex
[2025-08-04 11:22:05.491] [INFO] Skipping open symbol command - Forex broker selected
[2025-08-04 11:22:05.492] [INFO] OrderSummary panel hidden
[2025-08-04 11:22:05.492] [INFO] Price display panel hidden
[2025-08-04 11:22:05.944] [INFO] SetSymbol called for UNKNOWN, current broker: Forex
[2025-08-04 11:22:05.944] [INFO] Skipping open symbol command - Forex broker selected
[2025-08-04 11:22:05.945] [INFO] OrderSummary panel hidden
[2025-08-04 11:22:05.945] [INFO] Price display panel hidden
[2025-08-04 11:22:05.945] [INFO] SetSymbol called for UNKNOWN, current broker: Forex
[2025-08-04 11:22:05.946] [INFO] Skipping open symbol command - Forex broker selected
[2025-08-04 11:22:05.946] [INFO] OrderSummary panel hidden
[2025-08-04 11:22:05.946] [INFO] Price display panel hidden
[2025-08-04 11:22:10.647] [INFO] Price display panel hidden
[2025-08-04 11:22:10.648] [INFO] Price display panel hidden
[2025-08-04 11:22:10.806] [INFO] Price display panel hidden
[2025-08-04 11:22:10.807] [INFO] Price display panel hidden
[2025-08-04 11:22:12.554] [INFO] Price display panel hidden
[2025-08-04 11:22:12.555] [INFO] Price display panel hidden
[2025-08-04 11:22:12.694] [INFO] Price display panel hidden
[2025-08-04 11:22:12.695] [INFO] Price display panel hidden
[2025-08-04 11:22:16.742] [INFO] Price display panel hidden
[2025-08-04 11:22:16.742] [INFO] Price display panel hidden
[2025-08-04 11:22:34.617] [INFO] SetSymbol called for GBPJPY, current broker: Forex
[2025-08-04 11:22:34.617] [INFO] Skipping open symbol command - Forex broker selected
[2025-08-04 11:22:34.617] [INFO] OrderSummary panel hidden
[2025-08-04 11:22:34.617] [INFO] Price display panel hidden
[2025-08-04 11:22:34.619] [INFO] Created default settings for HandleID 394144: Risk=1, Duration=2, Broker=Forex
[2025-08-04 11:22:34.620] [INFO] SetSymbol called for GBPJPY, current broker: Forex
[2025-08-04 11:22:34.620] [INFO] Skipping open symbol command - Forex broker selected
[2025-08-04 11:22:34.620] [INFO] OrderSummary panel hidden
[2025-08-04 11:22:34.621] [INFO] Price display panel hidden
[2025-08-04 11:22:34.621] [INFO] Loaded settings for HandleID 394144: Risk=1, Duration=2, Broker=Forex
